[    1566ms] [INFO] Experiment flags: add_df_vars_in_ai_conversation_context: false, add_df_vars_in_ai_generate_context: false, add_notebook_diffs_to_chat_history: false, add_prompt_cell: true, agent_client_update_task_max_request_size_bytes: 10000000, agent_scroll_delay_ms: 200, ai_banner: false, ai_characters_per_token: 3, ai_prompt_token_limit: 32000, ai_service_client_type: "", ai_user_input_char_limit: 100000, aida_complete_code_model_id: "", aida_converse_max_facts: 20, aida_do_conversation_model_id: "aida_v3p1s_streaming", aida_dsa_model_strategy: -1, aida_generate_code_model_id: "aida_v3p1s", aida_generate_code_no_max_tokens: true, allow_dsa_page_interaction: true, allow_subpaths_in_kernel_url: true, allowed_public_url_domains: ["huggingface.co","dagshub.com","storage.googleapis.com"], assign_ping_hostname: "https://ping.prod.colab.dev", backend_url_allowlist: ["localhost","127.0.0.1","[::1]","kkb-production.jupyter-proxy.kaggle.net","kkb-staging.jupyter-proxy.kaggle.net","isolabs-kernels.corp.goog","*.proxy.googlers.com"], backend_version: "next", backtracking_strategy: "non-literals", bluetooth: false, ccu_info_abort_timeout_ms: 3000, cell_tags: false, chat_explain_error_temp: "1.0", chat_model_id_override: "", classroom_iframe_parent_origin: "", cli_agent_colab_skills_folder_id: "1v81ndcRcnjykNnD4E_nLjhSZquEOntUY", cli_agent_file_manager: false, cli_agent_gemini_settings_file_id: "1fsqJkLe3Dt_YbgebQPg2HxFuGmz3O52m", cli_agent_md_file_id: "1pln3YuWkQQv_3AA7-QRygtXZid4hKUUs", cli_agent_root_dir: "/root", client_trim_completion_text: 400, cloud_origin: "", code_report_millis: 600000, colab_fetch_try_reauth: false, comment_poll_long: 900000, comment_poll_short: 60000, complete_code: true, compose_skip_suffix_check: false, composer: true, composer_auto_code: true, composer_autocomplete: false, composer_client_events_context: true, composer_compaction_interval: 0, composer_compaction_overlap_size: 0, composer_context_max_variable_length: 500000, composer_custom_context: true, composer_default_dock_right: true, composer_default_gemini_3_flash: false, composer_early_stopping_for_image_truncation: false, composer_focused_cell_context: true, composer_generate_code: true, composer_kernel_files_in_context: true, composer_model_strategy: 0, composer_replace_empty_cells_when_adding_new_cells: true, composer_runtime_agent: false, composer_show_debug_info: false, composer_show_single_diff_buttons: false, composer_transform_code: true, composer_visible_cells_context: true, composer_visualization_mode: true, composer_visualization_mode_bypass_accept: false, connect_enterprise_vm: true, converse_notebook_context_length: 40000, critique_comments: false, data_inspector: true, dbu: "", debug_adapter: false, debug_external: "external", debug_prod: "prod", debugger_server_side_globals: true, dep_cells_commands: true, dep_cells_enabled: false, dep_graph: false, deprecate_prompt: true, deprecated_accelerator_models: ["V28"], development: false, dialog_ui_refresh: false, document_change_poll_interval: 30000, drive_anon_api_key: "AIzaSyB10s2vWUTwP0pj20wZoxmpZIt3rRodYeg", drive_api_key: "AIzaSyCN_sSPJMpYrAzC5AtTrltNC8oRmLtoqBk", drive_background_save_project_number: "948411933973", drive_realtime_project_number: "903414543955", drop_chat_links: true, dsa_file_not_sent_survey_timeout: 60000, embedded_use_websockets: false, enable_agent_connect_to_new_vm: true, enable_bigquery_data_explorer: false, enable_bigquery_easy_gcp_project_creation: false, enable_colab_mcp_integration: true, enable_colab_mcp_showdiff: false, enable_composer_code_report: false, enable_composer_ds_star: false, enable_composer_generated_cell_insertion_position: true, enable_composer_quota_ui: false, enable_composer_skills: false, enable_composer_suggestion_chips: true, enable_composer_text_cell_transformations: true, enable_composer_tools_default_on: false, enable_dsa_agent_steps_bundle: true, enable_fp_user_provided_context_links: false, enable_gcp_preferences: false, enable_iframe_unloading: true, enable_improved_composer_context_mentions: true, enable_increased_composer_thinking: false, enable_more_reprs: true, enable_mpp_orc_model_overrides: true, enable_prism_mode: true, enable_quota_dark_launch: false, enable_rt_on_create: false, enable_session_autoconnect: true, enable_shorten_system_instructions: true, enable_vs_code_drive_import: false, enable_vs_code_drive_import_file_menu: false, enable_web_mcp: false, execution_status_propagation: true, explain_error_model_id_override: "", external_trusted_github_org_repos_quick_add: "GoogleChrome/CrUX,google/generative-ai-docs,google-health/cxr-foundation,google-health/derm-foundation,google-health/path-foundation", file_browser_poll_interval_millis: 10000, file_upload_rate_limit: 5, first_party_auth: true, fix_imports: false, fp_context: false, generate_code: true, github_client_id: "5036cf6d81e65aaa6340", gpu_utilization_check_interval_ms: 600000, hats_surveys: true, homepage: false, ids: [20730182,20730660,20730681,20730779,20730648,20730766,20730723,20730460,20730691,20730559,20730549,20730556,20730457,20730610,20730652,20730640,20730693,20730685,20730750], inline_completion_ai_campaign_max_views: 3, inline_completion_ai_campaign_throttle_ms: 600000, is_prober: false, jsraw: "es6", kaggle_integrations: false, link_id_assignments: true, link_imports_to_installs: true, local_cloud_apis: false, local_cloud_onboarding_client: false, local_service_worker: false, lsp_diagnostics_reporting: false, makersuite_api_key: "AIzaSyAmDcruecW4rCL1KdwcbIVHL4LkXxahIgw", makersuite_service_url: "https://alkalimakersuite-pa.clients6.google.com", markdown_spellchecker: false, migrate_change_credential_propagation: false, migrate_get_assignment: false, migrate_recaptcha_poll: true, migrate_recaptcha_submit: true, min_dep_cells_runtime_kernel_cl: 694609395, ml_enabled: false, mobile: false, moma_rag: false, moma_rag_composer: false, mpp_orc_temperature_override: "1.0", multi_modal_context_for_composer: false, nl2code_missing_imports: false, no_fun: false, oneplatform_api_key: "AIzaSyA2BvntLwNwFthUB4w6_Bhn0cMlVHwyaHc", oneplatform_endpoint: "https://colab.clients6.google.com", optimize_composer_context_order: false, outage_notification: "", outage_notification_link: "", outputframe_version: "", override_suf_params_for_test: false, pds_minting: false, preference_deep_equality_check: true, prereq_cells_next_steps: true, recaptcha_polling_frequency_ms: 300000, recaptcha_v2_site_key: "6LfQttQUAAAAADuPanA_VZMaZgBAOnHZNuuqUewp", recaptcha_v3_site_key: "6LfQPtEUAAAAAHBpAdFng54jyuB1V5w5dofknpip", reconnect_max_delay_seconds: 300, reduce_composer_planning_overeagerness: true, refresh_warning_timeout_ms: 604800000, remove_ai_explain_cell_fencing: true, remove_ai_explain_error_fencing: true, require_ai_consent: true, resource_poll_interval_ms: 10000, rp_token_refresh_headroom_millis: 300000, rt_opt_in: "OFF", run_mode: false, runtime_env_overrides: "\n          [\n            [\"ENABLE_DIRECTORYPREFETCHER\", \"1\"]\n          ]\n        ", runtime_type_for_test: "", runtime_version_names: ["2026.04","2026.01","2025.10","2025.07"], search_by_content: false, server_execution_queue: true, session_resume_coalesce: true, show_edu_signup_link: false, show_payments_interstitial: false, show_rel_notes_on_open: true, show_switch_to_prod_link: false, smartpaste: false, smartpaste_chars_limit: -1, smartpaste_serving_config: "freeform_servomatic_goose_v3_xs_smart_paste", snippets_ui_refresh: false, sql_cell: false, sql_completion_lsp: false, task_service_initial_poll_interval_ms: 500, task_service_max_poll_count: 180, task_service_max_poll_interval_ms: 4000, task_service_poll_interval_growth_factor: 1.3, task_service_poll_timeout_ms: 300000, task_service_wait_before_polling_ms: 1000, terminate_session_on_connect_to_new_vm: true, text_compose_report_changes_millis: 10000, text_span_comments: false, thinking_budget: -1, tpu_resource_stats: false, transform_code: false, trim_filename_extension: false, truncate_composer_execution_results: true, turn_off_agent_mode_when_safe: true, unmanaged_vm_min_label_block: "", unmanaged_vm_min_label_warn: "", unmanaged_vm_min_release_tag_block: "", unmanaged_vm_min_release_tag_warn: "", unsupported_magics_check: true, use_kernel_state_metadata_adk: false, use_kkb_if_configured: false, use_refactored_constraints: false, user_visible_accelerator_models: ["T4","A100","G4","H100","L4","V5E1","V6E1"], user_visible_composer_tools: [], verbose_warnings: false, vertex_ai_api_environment_override: "", viz_cell: false, want_completions_ai_consent_campaign: true @ https://ssl.gstatic.com/colaboratory-static/common/5ee6fda50b18c6af943ce1ebad2fc212/external_binary_es6_l10n__en_gb.js:1670
[    1597ms] [LOG] Loading… @ https://ssl.gstatic.com/colaboratory-static/common/5ee6fda50b18c6af943ce1ebad2fc212/external_binary_es6_l10n__en_gb.js:2227
[    1598ms] [LOG] Loading notebook. https://github.com/Darkkid32/videoai/blob/master/Colab.ipynb @ https://ssl.gstatic.com/colaboratory-static/common/5ee6fda50b18c6af943ce1ebad2fc212/external_binary_es6_l10n__en_gb.js:5350
[    2063ms] [ERROR] Failed to load resource: the server responded with a status of 401 () @ https://colab.clients6.google.com/$rpc/google.internal.colab.v1.UserInfoService/GetUserInfo:0
[    2377ms] [ERROR] Failed to load resource: the server responded with a status of 401 () @ https://colab.clients6.google.com/$rpc/google.internal.colab.v1.UserInfoService/GetUserInfo:0
[    4318ms] [LOG] Service worker state: installed @ https://ssl.gstatic.com/colaboratory-static/common/5ee6fda50b18c6af943ce1ebad2fc212/output_binary.js:227
[    4318ms] [LOG] Service worker state: activating @ https://ssl.gstatic.com/colaboratory-static/common/5ee6fda50b18c6af943ce1ebad2fc212/output_binary.js:227
[    4327ms] [LOG] Service worker state: installed @ https://ssl.gstatic.com/colaboratory-static/common/5ee6fda50b18c6af943ce1ebad2fc212/output_binary.js:227
[    4327ms] [LOG] Service worker state: activating @ https://ssl.gstatic.com/colaboratory-static/common/5ee6fda50b18c6af943ce1ebad2fc212/output_binary.js:227
[    4333ms] [LOG] Service worker state: activated @ https://ssl.gstatic.com/colaboratory-static/common/5ee6fda50b18c6af943ce1ebad2fc212/output_binary.js:227
[    4337ms] [LOG] Service worker state: activated @ https://ssl.gstatic.com/colaboratory-static/common/5ee6fda50b18c6af943ce1ebad2fc212/output_binary.js:227
[    8672ms] [VERBOSE] [DOM] Password field is not contained in a form: (More info: https://goo.gl/9p2vKq) %o @ https://accounts.google.com/v3/signin/identifier?continue=https%3A%2F%2Fcolab.research.google.com%2Fgithub%2FDarkkid32%2Fvideoai%2Fblob%2Fmaster%2FColab.ipynb&dsh=S403257188%3A1780327913404681&ec=GAZAqQM&passive=true&flowName=GlifWebSignIn&flowEntry=ServiceLogin&ifkv=AWa2Pav90VoX5pCI0d7LheVnHXg7iyPeaUGEtPGQVgf8AmOnELAhBmbskb8D6gZ1KeER-oVRxUXslg:0
[    8696ms] [LOG] %c%s color: red; background: yellow; font-size: 24px; WARNING! @ https://www.gstatic.com/_/mss/boq-identity/_/js/k=boq-identity.AccountsSignInUi.en_US.5E-Cp8lktf4.es5.O/am=Ed8AAACAUfwjZADw__ffSAACCKIDvmcBmgAhAwAAAAAAAAAAFgAAQCM/d=1/excm=_b,_tp,identifierview/ed=1/dg=0/wt=2/ujg=1/rs=AOaEmlGvFv3RzCQeVNhrz85UVIe44RJlKg/dti=1/m=_b,_tp:545
[    8696ms] [LOG] %c%s font-size: 18px; Using this console may allow attackers to impersonate you and steal your information using an attack called Self-XSS.
Do not enter or paste code that you do not understand. @ https://www.gstatic.com/_/mss/boq-identity/_/js/k=boq-identity.AccountsSignInUi.en_US.5E-Cp8lktf4.es5.O/am=Ed8AAACAUfwjZADw__ffSAACCKIDvmcBmgAhAwAAAAAAAAAAFgAAQCM/d=1/excm=_b,_tp,identifierview/ed=1/dg=0/wt=2/ujg=1/rs=AOaEmlGvFv3RzCQeVNhrz85UVIe44RJlKg/dti=1/m=_b,_tp:545
[   54257ms] [VERBOSE] [DOM] Password field is not contained in a form: (More info: https://goo.gl/9p2vKq) %o @ https://accounts.google.com/v3/signin/challenge/pwd?TL=APouJz6UD9kv5OtE9fRrW33Fye815oBQue5yEgTxh8zbQDa3Q6Kcqs312keHWAv4&checkConnection=youtube%3A224&checkedDomains=youtube&cid=2&continue=https%3A%2F%2Fcolab.research.google.com%2Fgithub%2FDarkkid32%2Fvideoai%2Fblob%2Fmaster%2FColab.ipynb&dsh=S403257188%3A1780327913404681&ec=GAZAqQM&flowEntry=ServiceLogin&flowName=GlifWebSignIn&ifkv=AWa2Pav90VoX5pCI0d7LheVnHXg7iyPeaUGEtPGQVgf8AmOnELAhBmbskb8D6gZ1KeER-oVRxUXslg&pstMsg=1:0
[  174439ms] [VERBOSE] [DOM] Password field is not contained in a form: (More info: https://goo.gl/9p2vKq) %o @ https://accounts.google.com/v3/signin/challenge/pwd?TL=APouJz6UD9kv5OtE9fRrW33Fye815oBQue5yEgTxh8zbQDa3Q6Kcqs312keHWAv4&checkConnection=youtube%3A224&checkedDomains=youtube&cid=2&continue=https%3A%2F%2Fcolab.research.google.com%2Fgithub%2FDarkkid32%2Fvideoai%2Fblob%2Fmaster%2FColab.ipynb&dsh=S403257188%3A1780327913404681&ec=GAZAqQM&flowEntry=ServiceLogin&flowName=GlifWebSignIn&ifkv=AWa2Pav90VoX5pCI0d7LheVnHXg7iyPeaUGEtPGQVgf8AmOnELAhBmbskb8D6gZ1KeER-oVRxUXslg&pstMsg=1:0
[  198059ms] [LOG] %c%s color: red; background: yellow; font-size: 24px; WARNING! @ https://www.gstatic.com/_/mss/boq-googlegrowth/_/js/k=boq-googlegrowth.GrowthOnboardUi.en.LnshQxGucic.2018.O/am=AAAAAABmAMAAAAAJ/d=1/excm=_b,_tp,landingview/ed=1/dg=0/wt=2/ujg=1/rs=AF-uQDksf0JRXPRX9Bu1LxNtXl68zaq11g/dti=1/m=_b,_tp:333
[  198059ms] [LOG] %c%s font-size: 18px; Using this console may allow attackers to impersonate you and steal your information using an attack called Self-XSS.
Do not enter or paste code that you do not understand. @ https://www.gstatic.com/_/mss/boq-googlegrowth/_/js/k=boq-googlegrowth.GrowthOnboardUi.en.LnshQxGucic.2018.O/am=AAAAAABmAMAAAAAJ/d=1/excm=_b,_tp,landingview/ed=1/dg=0/wt=2/ujg=1/rs=AF-uQDksf0JRXPRX9Bu1LxNtXl68zaq11g/dti=1/m=_b,_tp:333
[  204249ms] [INFO] Experiment flags: add_df_vars_in_ai_conversation_context: false, add_df_vars_in_ai_generate_context: false, add_notebook_diffs_to_chat_history: false, add_prompt_cell: true, agent_client_update_task_max_request_size_bytes: 10000000, agent_scroll_delay_ms: 200, ai_banner: false, ai_characters_per_token: 3, ai_prompt_token_limit: 32000, ai_service_client_type: "", ai_user_input_char_limit: 100000, aida_complete_code_model_id: "", aida_converse_max_facts: 20, aida_do_conversation_model_id: "aida_v3p1s_streaming", aida_dsa_model_strategy: -1, aida_generate_code_model_id: "aida_v3p1s", aida_generate_code_no_max_tokens: true, allow_dsa_page_interaction: true, allow_subpaths_in_kernel_url: true, allowed_public_url_domains: ["huggingface.co","dagshub.com","storage.googleapis.com"], assign_ping_hostname: "https://ping.prod.colab.dev", backend_url_allowlist: ["localhost","127.0.0.1","[::1]","kkb-production.jupyter-proxy.kaggle.net","kkb-staging.jupyter-proxy.kaggle.net","isolabs-kernels.corp.goog","*.proxy.googlers.com"], backend_version: "next", backtracking_strategy: "non-literals", bluetooth: false, ccu_info_abort_timeout_ms: 3000, cell_tags: false, chat_explain_error_temp: "1.0", chat_model_id_override: "", classroom_iframe_parent_origin: "", cli_agent_colab_skills_folder_id: "1v81ndcRcnjykNnD4E_nLjhSZquEOntUY", cli_agent_file_manager: false, cli_agent_gemini_settings_file_id: "1fsqJkLe3Dt_YbgebQPg2HxFuGmz3O52m", cli_agent_md_file_id: "1pln3YuWkQQv_3AA7-QRygtXZid4hKUUs", cli_agent_root_dir: "/root", client_trim_completion_text: 400, cloud_origin: "", code_report_millis: 600000, colab_fetch_try_reauth: false, comment_poll_long: 900000, comment_poll_short: 60000, complete_code: true, compose_skip_suffix_check: false, composer: true, composer_auto_code: true, composer_autocomplete: false, composer_client_events_context: true, composer_compaction_interval: 0, composer_compaction_overlap_size: 0, composer_context_max_variable_length: 500000, composer_custom_context: true, composer_default_dock_right: true, composer_default_gemini_3_flash: false, composer_early_stopping_for_image_truncation: false, composer_focused_cell_context: true, composer_generate_code: true, composer_kernel_files_in_context: true, composer_model_strategy: 0, composer_replace_empty_cells_when_adding_new_cells: false, composer_runtime_agent: false, composer_show_debug_info: false, composer_show_single_diff_buttons: false, composer_transform_code: true, composer_visible_cells_context: true, composer_visualization_mode: true, composer_visualization_mode_bypass_accept: false, connect_enterprise_vm: true, converse_notebook_context_length: 40000, critique_comments: false, data_inspector: true, dbu: "", debug_adapter: false, debug_external: "external", debug_prod: "prod", debugger_server_side_globals: true, dep_cells_commands: true, dep_cells_enabled: false, dep_graph: false, deprecate_prompt: true, deprecated_accelerator_models: ["V28"], development: false, dialog_ui_refresh: false, document_change_poll_interval: 30000, drive_anon_api_key: "AIzaSyB10s2vWUTwP0pj20wZoxmpZIt3rRodYeg", drive_api_key: "AIzaSyCN_sSPJMpYrAzC5AtTrltNC8oRmLtoqBk", drive_background_save_project_number: "948411933973", drive_realtime_project_number: "903414543955", drop_chat_links: true, dsa_file_not_sent_survey_timeout: 60000, embedded_use_websockets: false, enable_agent_connect_to_new_vm: true, enable_bigquery_data_explorer: false, enable_bigquery_easy_gcp_project_creation: false, enable_colab_mcp_integration: true, enable_colab_mcp_showdiff: false, enable_composer_code_report: false, enable_composer_ds_star: false, enable_composer_generated_cell_insertion_position: true, enable_composer_quota_ui: false, enable_composer_skills: false, enable_composer_suggestion_chips: true, enable_composer_text_cell_transformations: true, enable_composer_tools_default_on: false, enable_dsa_agent_steps_bundle: true, enable_fp_user_provided_context_links: false, enable_gcp_preferences: false, enable_iframe_unloading: true, enable_improved_composer_context_mentions: true, enable_increased_composer_thinking: false, enable_more_reprs: true, enable_mpp_orc_model_overrides: true, enable_prism_mode: true, enable_quota_dark_launch: true, enable_rt_on_create: false, enable_session_autoconnect: true, enable_shorten_system_instructions: true, enable_vs_code_drive_import: false, enable_vs_code_drive_import_file_menu: false, enable_web_mcp: false, execution_status_propagation: true, explain_error_model_id_override: "", external_trusted_github_org_repos_quick_add: "GoogleChrome/CrUX,google/generative-ai-docs,google-health/cxr-foundation,google-health/derm-foundation,google-health/path-foundation", file_browser_poll_interval_millis: 10000, file_upload_rate_limit: 5, first_party_auth: true, fix_imports: false, fp_context: false, generate_code: true, github_client_id: "5036cf6d81e65aaa6340", gpu_utilization_check_interval_ms: 600000, hats_surveys: true, homepage: false, ids: [20730182,20730685,20730766,20730723,20730652,20730770,20730779,20730556,20730640,20730460,20730644,20730457,20730660,20730681,20730691,20730696,20730559,20730750], inline_completion_ai_campaign_max_views: 3, inline_completion_ai_campaign_throttle_ms: 600000, is_prober: false, jsraw: "es6", kaggle_integrations: false, link_id_assignments: true, link_imports_to_installs: true, local_cloud_apis: false, local_cloud_onboarding_client: false, local_service_worker: false, lsp_diagnostics_reporting: false, makersuite_api_key: "AIzaSyAmDcruecW4rCL1KdwcbIVHL4LkXxahIgw", makersuite_service_url: "https://alkalimakersuite-pa.clients6.google.com", markdown_spellchecker: false, migrate_change_credential_propagation: false, migrate_get_assignment: false, migrate_recaptcha_poll: true, migrate_recaptcha_submit: true, min_dep_cells_runtime_kernel_cl: 694609395, ml_enabled: true, mobile: false, moma_rag: false, moma_rag_composer: false, mpp_orc_temperature_override: "1.0", multi_modal_context_for_composer: false, nl2code_missing_imports: false, no_fun: false, oneplatform_api_key: "AIzaSyA2BvntLwNwFthUB4w6_Bhn0cMlVHwyaHc", oneplatform_endpoint: "https://colab.clients6.google.com", optimize_composer_context_order: true, outage_notification: "", outage_notification_link: "", outputframe_version: "", override_suf_params_for_test: false, pds_minting: false, preference_deep_equality_check: true, prereq_cells_next_steps: true, recaptcha_polling_frequency_ms: 300000, recaptcha_v2_site_key: "6LfQttQUAAAAADuPanA_VZMaZgBAOnHZNuuqUewp", recaptcha_v3_site_key: "6LfQPtEUAAAAAHBpAdFng54jyuB1V5w5dofknpip", reconnect_max_delay_seconds: 300, reduce_composer_planning_overeagerness: true, refresh_warning_timeout_ms: 604800000, remove_ai_explain_cell_fencing: true, remove_ai_explain_error_fencing: true, require_ai_consent: true, resource_poll_interval_ms: 10000, rp_token_refresh_headroom_millis: 300000, rt_opt_in: "OFF", run_mode: false, runtime_env_overrides: "\n          [\n            [\"ENABLE_DIRECTORYPREFETCHER\", \"1\"]\n          ]\n        ", runtime_type_for_test: "", runtime_version_names: ["2026.04","2026.01","2025.10","2025.07"], search_by_content: false, server_execution_queue: true, session_resume_coalesce: true, show_edu_signup_link: false, show_payments_interstitial: false, show_rel_notes_on_open: true, show_switch_to_prod_link: false, smartpaste: false, smartpaste_chars_limit: -1, smartpaste_serving_config: "freeform_servomatic_goose_v3_xs_smart_paste", snippets_ui_refresh: false, sql_cell: false, sql_completion_lsp: false, task_service_initial_poll_interval_ms: 500, task_service_max_poll_count: 180, task_service_max_poll_interval_ms: 4000, task_service_poll_interval_growth_factor: 1.3, task_service_poll_timeout_ms: 300000, task_service_wait_before_polling_ms: 1000, terminate_session_on_connect_to_new_vm: true, text_compose_report_changes_millis: 10000, text_span_comments: false, thinking_budget: -1, tpu_resource_stats: false, transform_code: false, trim_filename_extension: false, truncate_composer_execution_results: true, turn_off_agent_mode_when_safe: true, unmanaged_vm_min_label_block: "", unmanaged_vm_min_label_warn: "", unmanaged_vm_min_release_tag_block: "", unmanaged_vm_min_release_tag_warn: "", unsupported_magics_check: true, use_kernel_state_metadata_adk: false, use_kkb_if_configured: false, use_refactored_constraints: false, user_visible_accelerator_models: ["T4","A100","G4","H100","L4","V5E1","V6E1"], user_visible_composer_tools: [], verbose_warnings: false, vertex_ai_api_environment_override: "", viz_cell: false, want_completions_ai_consent_campaign: true @ https://ssl.gstatic.com/colaboratory-static/common/5ee6fda50b18c6af943ce1ebad2fc212/external_binary_es6_l10n__en_gb.js:1670
[  204263ms] [LOG] Loading… @ https://ssl.gstatic.com/colaboratory-static/common/5ee6fda50b18c6af943ce1ebad2fc212/external_binary_es6_l10n__en_gb.js:2227
[  204263ms] [LOG] Loading notebook. https://github.com/Darkkid32/videoai/blob/master/Colab.ipynb @ https://ssl.gstatic.com/colaboratory-static/common/5ee6fda50b18c6af943ce1ebad2fc212/external_binary_es6_l10n__en_gb.js:5350
[  207897ms] [LOG] Service worker state: installed @ https://ssl.gstatic.com/colaboratory-static/common/5ee6fda50b18c6af943ce1ebad2fc212/output_binary.js:227
[  207897ms] [LOG] Service worker state: activating @ https://ssl.gstatic.com/colaboratory-static/common/5ee6fda50b18c6af943ce1ebad2fc212/output_binary.js:227
[  207899ms] [LOG] Service worker state: activated @ https://ssl.gstatic.com/colaboratory-static/common/5ee6fda50b18c6af943ce1ebad2fc212/output_binary.js:227
[  207903ms] [LOG] Service worker state: installed @ https://ssl.gstatic.com/colaboratory-static/common/5ee6fda50b18c6af943ce1ebad2fc212/output_binary.js:227
[  207903ms] [LOG] Service worker state: activating @ https://ssl.gstatic.com/colaboratory-static/common/5ee6fda50b18c6af943ce1ebad2fc212/output_binary.js:227
[  207906ms] [LOG] Service worker state: activated @ https://ssl.gstatic.com/colaboratory-static/common/5ee6fda50b18c6af943ce1ebad2fc212/output_binary.js:227
[  402758ms] [LOG] Connecting to wss://8080-gpu-t4-s-kkb-usw4b2-16p2drcazd5eq-b.us-west4-2.prod.colab.dev/api/kernels/67e85c7c-d956-44f1-968d-9d2b5f068c4d/channels?session_id=f14cffea-b0cf-439a-9b48-f44ddaf5452f @ https://ssl.gstatic.com/colaboratory-static/common/5ee6fda50b18c6af943ce1ebad2fc212/external_binary_es6_l10n__en_gb.js:13764
[  403225ms] [LOG] Connected to wss://8080-gpu-t4-s-kkb-usw4b2-16p2drcazd5eq-b.us-west4-2.prod.colab.dev/api/kernels/67e85c7c-d956-44f1-968d-9d2b5f068c4d/channels?session_id=f14cffea-b0cf-439a-9b48-f44ddaf5452f @ https://ssl.gstatic.com/colaboratory-static/common/5ee6fda50b18c6af943ce1ebad2fc212/external_binary_es6_l10n__en_gb.js:13765
[  404396ms] [LOG] Connecting to wss://8080-gpu-t4-s-kkb-usw4b2-16p2drcazd5eq-b.us-west4-2.prod.colab.dev/colab/lsp @ https://ssl.gstatic.com/colaboratory-static/common/5ee6fda50b18c6af943ce1ebad2fc212/external_binary_es6_l10n__en_gb.js:13764
[  404848ms] [LOG] Connected to wss://8080-gpu-t4-s-kkb-usw4b2-16p2drcazd5eq-b.us-west4-2.prod.colab.dev/colab/lsp @ https://ssl.gstatic.com/colaboratory-static/common/5ee6fda50b18c6af943ce1ebad2fc212/external_binary_es6_l10n__en_gb.js:13765
[  405236ms] [LOG] LSP: Pyright language server 1.1.407 starting @ https://ssl.gstatic.com/colaboratory-static/common/5ee6fda50b18c6af943ce1ebad2fc212/external_binary_es6_l10n__en_gb.js:13689
[  405236ms] [LOG] LSP: Server root directory: file:///datalab/web/pyright @ https://ssl.gstatic.com/colaboratory-static/common/5ee6fda50b18c6af943ce1ebad2fc212/external_binary_es6_l10n__en_gb.js:13689
[  405532ms] [LOG] LSP: Starting service instance "<default>" @ https://ssl.gstatic.com/colaboratory-static/common/5ee6fda50b18c6af943ce1ebad2fc212/external_binary_es6_l10n__en_gb.js:13689
[  405750ms] [LOG] LSP: BG: Background analysis(1) root directory: file:///datalab/web/pyright @ https://ssl.gstatic.com/colaboratory-static/common/5ee6fda50b18c6af943ce1ebad2fc212/external_binary_es6_l10n__en_gb.js:13689
[  405751ms] [LOG] LSP: BG: Background analysis(1) started @ https://ssl.gstatic.com/colaboratory-static/common/5ee6fda50b18c6af943ce1ebad2fc212/external_binary_es6_l10n__en_gb.js:13689
[  406066ms] [LOG] LSP: Un-registering request handler for cd706f65-c9d6-45e5-94bc-7dbcedde6441 failed. @ https://ssl.gstatic.com/colaboratory-static/common/5ee6fda50b18c6af943ce1ebad2fc212/external_binary_es6_l10n__en_gb.js:13689
[  406714ms] [LOG] LSP: File or directory "/<default workspace root>" does not exist. @ https://ssl.gstatic.com/colaboratory-static/common/5ee6fda50b18c6af943ce1ebad2fc212/external_binary_es6_l10n__en_gb.js:13689
[  430078ms] [VERBOSE] [DOM] Password field is not contained in a form: (More info: https://goo.gl/9p2vKq) %o @ https://colab.research.google.com/github/Darkkid32/videoai/blob/master/Colab.ipynb?pli=1:0
[  492704ms] [LOG] Connecting to wss://8080-gpu-t4-s-kkb-usw4b2-16p2drcazd5eq-b.us-west4-2.prod.colab.dev/colab/lsp @ https://ssl.gstatic.com/colaboratory-static/common/5ee6fda50b18c6af943ce1ebad2fc212/external_binary_es6_l10n__en_gb.js:13764
[  493878ms] [LOG] Connected to wss://8080-gpu-t4-s-kkb-usw4b2-16p2drcazd5eq-b.us-west4-2.prod.colab.dev/colab/lsp @ https://ssl.gstatic.com/colaboratory-static/common/5ee6fda50b18c6af943ce1ebad2fc212/external_binary_es6_l10n__en_gb.js:13765
[  494133ms] [LOG] LSP: Pyright language server 1.1.407 starting @ https://ssl.gstatic.com/colaboratory-static/common/5ee6fda50b18c6af943ce1ebad2fc212/external_binary_es6_l10n__en_gb.js:13689
[  494133ms] [LOG] LSP: Server root directory: file:///datalab/web/pyright @ https://ssl.gstatic.com/colaboratory-static/common/5ee6fda50b18c6af943ce1ebad2fc212/external_binary_es6_l10n__en_gb.js:13689
[  494481ms] [LOG] LSP: Starting service instance "<default>" @ https://ssl.gstatic.com/colaboratory-static/common/5ee6fda50b18c6af943ce1ebad2fc212/external_binary_es6_l10n__en_gb.js:13689
[  494758ms] [LOG] LSP: BG: Background analysis(1) root directory: file:///datalab/web/pyright @ https://ssl.gstatic.com/colaboratory-static/common/5ee6fda50b18c6af943ce1ebad2fc212/external_binary_es6_l10n__en_gb.js:13689
[  494758ms] [LOG] LSP: BG: Background analysis(1) started @ https://ssl.gstatic.com/colaboratory-static/common/5ee6fda50b18c6af943ce1ebad2fc212/external_binary_es6_l10n__en_gb.js:13689
[  495052ms] [LOG] LSP: Un-registering request handler for 84b84d6b-1d4b-4767-b7e6-75c86a98c101 failed. @ https://ssl.gstatic.com/colaboratory-static/common/5ee6fda50b18c6af943ce1ebad2fc212/external_binary_es6_l10n__en_gb.js:13689
[  495929ms] [LOG] LSP: File or directory "/<default workspace root>" does not exist. @ https://ssl.gstatic.com/colaboratory-static/common/5ee6fda50b18c6af943ce1ebad2fc212/external_binary_es6_l10n__en_gb.js:13689
[  543945ms] [VERBOSE] [DOM] Password field is not contained in a form: (More info: https://goo.gl/9p2vKq) %o @ https://colab.research.google.com/github/Darkkid32/videoai/blob/master/Colab.ipynb?pli=1:0
[ 1007174ms] [LOG] Warning: You are connected to a GPU runtime, but not utilising the GPU. @ https://ssl.gstatic.com/colaboratory-static/common/5ee6fda50b18c6af943ce1ebad2fc212/external_binary_es6_l10n__en_gb.js:2227
[ 1607614ms] [LOG] Warning: You are connected to a GPU runtime, but not utilising the GPU. @ https://ssl.gstatic.com/colaboratory-static/common/5ee6fda50b18c6af943ce1ebad2fc212/external_binary_es6_l10n__en_gb.js:2227
[ 2214522ms] [LOG] Warning: You are connected to a GPU runtime, but not utilising the GPU. @ https://ssl.gstatic.com/colaboratory-static/common/5ee6fda50b18c6af943ce1ebad2fc212/external_binary_es6_l10n__en_gb.js:2227
[ 2580364ms] [LOG] Connection to wss://8080-gpu-t4-s-kkb-usw4b2-16p2drcazd5eq-b.us-west4-2.prod.colab.dev/api/kernels/67e85c7c-d956-44f1-968d-9d2b5f068c4d/channels?session_id=f14cffea-b0cf-439a-9b48-f44ddaf5452f closed: {"code":1006,"reason":""} @ https://ssl.gstatic.com/colaboratory-static/common/5ee6fda50b18c6af943ce1ebad2fc212/external_binary_es6_l10n__en_gb.js:13765
[ 2580369ms] [LOG] Runtime disconnected @ https://ssl.gstatic.com/colaboratory-static/common/5ee6fda50b18c6af943ce1ebad2fc212/external_binary_es6_l10n__en_gb.js:2227
[ 2580381ms] [LOG] Ignoring benign error during acknowledgement @ https://ssl.gstatic.com/colaboratory-static/common/5ee6fda50b18c6af943ce1ebad2fc212/external_binary_es6_l10n__en_gb.js:13638
[ 2580381ms] [LOG] Ignoring benign error during acknowledgement @ https://ssl.gstatic.com/colaboratory-static/common/5ee6fda50b18c6af943ce1ebad2fc212/external_binary_es6_l10n__en_gb.js:13638
[ 2580381ms] [LOG] Ignoring benign error during acknowledgement @ https://ssl.gstatic.com/colaboratory-static/common/5ee6fda50b18c6af943ce1ebad2fc212/external_binary_es6_l10n__en_gb.js:13638
[ 2580381ms] [LOG] Ignoring benign error during acknowledgement @ https://ssl.gstatic.com/colaboratory-static/common/5ee6fda50b18c6af943ce1ebad2fc212/external_binary_es6_l10n__en_gb.js:13638
[ 2580382ms] [WARNING] Ignoring benign restart error: CustomError: Runtime died at: 
 Error
    at https://ssl.gstatic.com/colaboratory-static/common/5ee6fda50b18c6af943ce1ebad2fc212/external_binary_es6_l10n__en_gb.js:13638:46
    at Generator.next (<anonymous>)
    at https://ssl.gstatic.com/colaboratory-static/common/5ee6fda50b18c6af943ce1ebad2fc212/external_binary_es6_l10n__en_gb.js:6:194
    at new Promise (<anonymous>)
    at kaa (https://ssl.gstatic.com/colaboratory-static/common/5ee6fda50b18c6af943ce1ebad2fc212/external_binary_es6_l10n__en_gb.js:6:87)
    at p (https://ssl.gstatic.com/colaboratory-static/common/5ee6fda50b18c6af943ce1ebad2fc212/external_binary_es6_l10n__en_gb.js:6:225)
    at Wnc (https://ssl.gstatic.com/colaboratory-static/common/5ee6fda50b18c6af943ce1ebad2fc212/external_binary_es6_l10n__en_gb.js:13638:26)
    at coc.execute (https://ssl.gstatic.com/colaboratory-static/common/5ee6fda50b18c6af943ce1ebad2fc212/external_binary_es6_l10n__en_gb.js:13652:268)
    at cAc.execute (https://ssl.gstatic.com/colaboratory-static/common/5ee6fda50b18c6af943ce1ebad2fc212/external_binary_es6_l10n__en_gb.js:13734:303)
    at spc (https://ssl.gstatic.com/colaboratory-static/common/5ee6fda50b18c6af943ce1ebad2fc212/external_binary_es6_l10n__en_gb.js:13726:254) @ https://ssl.gstatic.com/colaboratory-static/common/5ee6fda50b18c6af943ce1ebad2fc212/external_binary_es6_l10n__en_gb.js:13725
[ 2580382ms] [WARNING] Ignoring benign restart error: CustomError: Runtime died at: 
 Error
    at https://ssl.gstatic.com/colaboratory-static/common/5ee6fda50b18c6af943ce1ebad2fc212/external_binary_es6_l10n__en_gb.js:13638:46
    at Generator.next (<anonymous>)
    at https://ssl.gstatic.com/colaboratory-static/common/5ee6fda50b18c6af943ce1ebad2fc212/external_binary_es6_l10n__en_gb.js:6:194
    at new Promise (<anonymous>)
    at kaa (https://ssl.gstatic.com/colaboratory-static/common/5ee6fda50b18c6af943ce1ebad2fc212/external_binary_es6_l10n__en_gb.js:6:87)
    at p (https://ssl.gstatic.com/colaboratory-static/common/5ee6fda50b18c6af943ce1ebad2fc212/external_binary_es6_l10n__en_gb.js:6:225)
    at Wnc (https://ssl.gstatic.com/colaboratory-static/common/5ee6fda50b18c6af943ce1ebad2fc212/external_binary_es6_l10n__en_gb.js:13638:26)
    at coc.execute (https://ssl.gstatic.com/colaboratory-static/common/5ee6fda50b18c6af943ce1ebad2fc212/external_binary_es6_l10n__en_gb.js:13652:268)
    at cAc.execute (https://ssl.gstatic.com/colaboratory-static/common/5ee6fda50b18c6af943ce1ebad2fc212/external_binary_es6_l10n__en_gb.js:13734:303)
    at spc (https://ssl.gstatic.com/colaboratory-static/common/5ee6fda50b18c6af943ce1ebad2fc212/external_binary_es6_l10n__en_gb.js:13726:254) @ https://ssl.gstatic.com/colaboratory-static/common/5ee6fda50b18c6af943ce1ebad2fc212/external_binary_es6_l10n__en_gb.js:13725
[ 2580382ms] [WARNING] Ignoring benign restart error: CustomError: Runtime died at: 
 Error
    at https://ssl.gstatic.com/colaboratory-static/common/5ee6fda50b18c6af943ce1ebad2fc212/external_binary_es6_l10n__en_gb.js:13638:46
    at Generator.next (<anonymous>)
    at https://ssl.gstatic.com/colaboratory-static/common/5ee6fda50b18c6af943ce1ebad2fc212/external_binary_es6_l10n__en_gb.js:6:194
    at new Promise (<anonymous>)
    at kaa (https://ssl.gstatic.com/colaboratory-static/common/5ee6fda50b18c6af943ce1ebad2fc212/external_binary_es6_l10n__en_gb.js:6:87)
    at p (https://ssl.gstatic.com/colaboratory-static/common/5ee6fda50b18c6af943ce1ebad2fc212/external_binary_es6_l10n__en_gb.js:6:225)
    at Wnc (https://ssl.gstatic.com/colaboratory-static/common/5ee6fda50b18c6af943ce1ebad2fc212/external_binary_es6_l10n__en_gb.js:13638:26)
    at coc.execute (https://ssl.gstatic.com/colaboratory-static/common/5ee6fda50b18c6af943ce1ebad2fc212/external_binary_es6_l10n__en_gb.js:13652:268)
    at cAc.execute (https://ssl.gstatic.com/colaboratory-static/common/5ee6fda50b18c6af943ce1ebad2fc212/external_binary_es6_l10n__en_gb.js:13734:303)
    at spc (https://ssl.gstatic.com/colaboratory-static/common/5ee6fda50b18c6af943ce1ebad2fc212/external_binary_es6_l10n__en_gb.js:13726:254) @ https://ssl.gstatic.com/colaboratory-static/common/5ee6fda50b18c6af943ce1ebad2fc212/external_binary_es6_l10n__en_gb.js:13725
[ 2580382ms] [WARNING] Ignoring benign restart error: CustomError: Runtime died at: 
 Error
    at https://ssl.gstatic.com/colaboratory-static/common/5ee6fda50b18c6af943ce1ebad2fc212/external_binary_es6_l10n__en_gb.js:13638:46
    at Generator.next (<anonymous>)
    at https://ssl.gstatic.com/colaboratory-static/common/5ee6fda50b18c6af943ce1ebad2fc212/external_binary_es6_l10n__en_gb.js:6:194
    at new Promise (<anonymous>)
    at kaa (https://ssl.gstatic.com/colaboratory-static/common/5ee6fda50b18c6af943ce1ebad2fc212/external_binary_es6_l10n__en_gb.js:6:87)
    at p (https://ssl.gstatic.com/colaboratory-static/common/5ee6fda50b18c6af943ce1ebad2fc212/external_binary_es6_l10n__en_gb.js:6:225)
    at Wnc (https://ssl.gstatic.com/colaboratory-static/common/5ee6fda50b18c6af943ce1ebad2fc212/external_binary_es6_l10n__en_gb.js:13638:26)
    at coc.execute (https://ssl.gstatic.com/colaboratory-static/common/5ee6fda50b18c6af943ce1ebad2fc212/external_binary_es6_l10n__en_gb.js:13652:268)
    at cAc.execute (https://ssl.gstatic.com/colaboratory-static/common/5ee6fda50b18c6af943ce1ebad2fc212/external_binary_es6_l10n__en_gb.js:13734:303)
    at spc (https://ssl.gstatic.com/colaboratory-static/common/5ee6fda50b18c6af943ce1ebad2fc212/external_binary_es6_l10n__en_gb.js:13726:254) @ https://ssl.gstatic.com/colaboratory-static/common/5ee6fda50b18c6af943ce1ebad2fc212/external_binary_es6_l10n__en_gb.js:13725
[ 2580382ms] [WARNING] Ignoring benign restart error: CustomError: Runtime died at: 
 Error
    at https://ssl.gstatic.com/colaboratory-static/common/5ee6fda50b18c6af943ce1ebad2fc212/external_binary_es6_l10n__en_gb.js:13638:46
    at Generator.next (<anonymous>)
    at https://ssl.gstatic.com/colaboratory-static/common/5ee6fda50b18c6af943ce1ebad2fc212/external_binary_es6_l10n__en_gb.js:6:194
    at new Promise (<anonymous>)
    at kaa (https://ssl.gstatic.com/colaboratory-static/common/5ee6fda50b18c6af943ce1ebad2fc212/external_binary_es6_l10n__en_gb.js:6:87)
    at p (https://ssl.gstatic.com/colaboratory-static/common/5ee6fda50b18c6af943ce1ebad2fc212/external_binary_es6_l10n__en_gb.js:6:225)
    at Wnc (https://ssl.gstatic.com/colaboratory-static/common/5ee6fda50b18c6af943ce1ebad2fc212/external_binary_es6_l10n__en_gb.js:13638:26)
    at coc.execute (https://ssl.gstatic.com/colaboratory-static/common/5ee6fda50b18c6af943ce1ebad2fc212/external_binary_es6_l10n__en_gb.js:13652:268)
    at cAc.execute (https://ssl.gstatic.com/colaboratory-static/common/5ee6fda50b18c6af943ce1ebad2fc212/external_binary_es6_l10n__en_gb.js:13734:303)
    at spc (https://ssl.gstatic.com/colaboratory-static/common/5ee6fda50b18c6af943ce1ebad2fc212/external_binary_es6_l10n__en_gb.js:13726:254) @ https://ssl.gstatic.com/colaboratory-static/common/5ee6fda50b18c6af943ce1ebad2fc212/external_binary_es6_l10n__en_gb.js:13725
[ 2580382ms] [WARNING] Ignoring benign restart error: CustomError: Runtime died at: 
 Error
    at https://ssl.gstatic.com/colaboratory-static/common/5ee6fda50b18c6af943ce1ebad2fc212/external_binary_es6_l10n__en_gb.js:13638:46
    at Generator.next (<anonymous>)
    at https://ssl.gstatic.com/colaboratory-static/common/5ee6fda50b18c6af943ce1ebad2fc212/external_binary_es6_l10n__en_gb.js:6:194
    at new Promise (<anonymous>)
    at kaa (https://ssl.gstatic.com/colaboratory-static/common/5ee6fda50b18c6af943ce1ebad2fc212/external_binary_es6_l10n__en_gb.js:6:87)
    at p (https://ssl.gstatic.com/colaboratory-static/common/5ee6fda50b18c6af943ce1ebad2fc212/external_binary_es6_l10n__en_gb.js:6:225)
    at Wnc (https://ssl.gstatic.com/colaboratory-static/common/5ee6fda50b18c6af943ce1ebad2fc212/external_binary_es6_l10n__en_gb.js:13638:26)
    at coc.execute (https://ssl.gstatic.com/colaboratory-static/common/5ee6fda50b18c6af943ce1ebad2fc212/external_binary_es6_l10n__en_gb.js:13652:268)
    at cAc.execute (https://ssl.gstatic.com/colaboratory-static/common/5ee6fda50b18c6af943ce1ebad2fc212/external_binary_es6_l10n__en_gb.js:13734:303)
    at spc (https://ssl.gstatic.com/colaboratory-static/common/5ee6fda50b18c6af943ce1ebad2fc212/external_binary_es6_l10n__en_gb.js:13726:254) @ https://ssl.gstatic.com/colaboratory-static/common/5ee6fda50b18c6af943ce1ebad2fc212/external_binary_es6_l10n__en_gb.js:13725
[ 2580382ms] [WARNING] Ignoring benign restart error: CustomError: Runtime died at: 
 Error
    at https://ssl.gstatic.com/colaboratory-static/common/5ee6fda50b18c6af943ce1ebad2fc212/external_binary_es6_l10n__en_gb.js:13638:46
    at Generator.next (<anonymous>)
    at https://ssl.gstatic.com/colaboratory-static/common/5ee6fda50b18c6af943ce1ebad2fc212/external_binary_es6_l10n__en_gb.js:6:194
    at new Promise (<anonymous>)
    at kaa (https://ssl.gstatic.com/colaboratory-static/common/5ee6fda50b18c6af943ce1ebad2fc212/external_binary_es6_l10n__en_gb.js:6:87)
    at p (https://ssl.gstatic.com/colaboratory-static/common/5ee6fda50b18c6af943ce1ebad2fc212/external_binary_es6_l10n__en_gb.js:6:225)
    at Wnc (https://ssl.gstatic.com/colaboratory-static/common/5ee6fda50b18c6af943ce1ebad2fc212/external_binary_es6_l10n__en_gb.js:13638:26)
    at coc.execute (https://ssl.gstatic.com/colaboratory-static/common/5ee6fda50b18c6af943ce1ebad2fc212/external_binary_es6_l10n__en_gb.js:13652:268)
    at cAc.execute (https://ssl.gstatic.com/colaboratory-static/common/5ee6fda50b18c6af943ce1ebad2fc212/external_binary_es6_l10n__en_gb.js:13734:303)
    at spc (https://ssl.gstatic.com/colaboratory-static/common/5ee6fda50b18c6af943ce1ebad2fc212/external_binary_es6_l10n__en_gb.js:13726:254) @ https://ssl.gstatic.com/colaboratory-static/common/5ee6fda50b18c6af943ce1ebad2fc212/external_binary_es6_l10n__en_gb.js:13725
[ 2580382ms] [WARNING] Ignoring benign restart error: CustomError: Runtime died at: 
 Error
    at https://ssl.gstatic.com/colaboratory-static/common/5ee6fda50b18c6af943ce1ebad2fc212/external_binary_es6_l10n__en_gb.js:13638:46
    at Generator.next (<anonymous>)
    at https://ssl.gstatic.com/colaboratory-static/common/5ee6fda50b18c6af943ce1ebad2fc212/external_binary_es6_l10n__en_gb.js:6:194
    at new Promise (<anonymous>)
    at kaa (https://ssl.gstatic.com/colaboratory-static/common/5ee6fda50b18c6af943ce1ebad2fc212/external_binary_es6_l10n__en_gb.js:6:87)
    at p (https://ssl.gstatic.com/colaboratory-static/common/5ee6fda50b18c6af943ce1ebad2fc212/external_binary_es6_l10n__en_gb.js:6:225)
    at Wnc (https://ssl.gstatic.com/colaboratory-static/common/5ee6fda50b18c6af943ce1ebad2fc212/external_binary_es6_l10n__en_gb.js:13638:26)
    at coc.execute (https://ssl.gstatic.com/colaboratory-static/common/5ee6fda50b18c6af943ce1ebad2fc212/external_binary_es6_l10n__en_gb.js:13652:268)
    at cAc.execute (https://ssl.gstatic.com/colaboratory-static/common/5ee6fda50b18c6af943ce1ebad2fc212/external_binary_es6_l10n__en_gb.js:13734:303)
    at spc (https://ssl.gstatic.com/colaboratory-static/common/5ee6fda50b18c6af943ce1ebad2fc212/external_binary_es6_l10n__en_gb.js:13726:254) @ https://ssl.gstatic.com/colaboratory-static/common/5ee6fda50b18c6af943ce1ebad2fc212/external_binary_es6_l10n__en_gb.js:13725
[ 2580382ms] [WARNING] Ignoring benign restart error: CustomError: Runtime died at: 
 Error
    at https://ssl.gstatic.com/colaboratory-static/common/5ee6fda50b18c6af943ce1ebad2fc212/external_binary_es6_l10n__en_gb.js:13638:46
    at Generator.next (<anonymous>)
    at https://ssl.gstatic.com/colaboratory-static/common/5ee6fda50b18c6af943ce1ebad2fc212/external_binary_es6_l10n__en_gb.js:6:194
    at new Promise (<anonymous>)
    at kaa (https://ssl.gstatic.com/colaboratory-static/common/5ee6fda50b18c6af943ce1ebad2fc212/external_binary_es6_l10n__en_gb.js:6:87)
    at p (https://ssl.gstatic.com/colaboratory-static/common/5ee6fda50b18c6af943ce1ebad2fc212/external_binary_es6_l10n__en_gb.js:6:225)
    at Wnc (https://ssl.gstatic.com/colaboratory-static/common/5ee6fda50b18c6af943ce1ebad2fc212/external_binary_es6_l10n__en_gb.js:13638:26)
    at coc.execute (https://ssl.gstatic.com/colaboratory-static/common/5ee6fda50b18c6af943ce1ebad2fc212/external_binary_es6_l10n__en_gb.js:13652:268)
    at cAc.execute (https://ssl.gstatic.com/colaboratory-static/common/5ee6fda50b18c6af943ce1ebad2fc212/external_binary_es6_l10n__en_gb.js:13734:303)
    at spc (https://ssl.gstatic.com/colaboratory-static/common/5ee6fda50b18c6af943ce1ebad2fc212/external_binary_es6_l10n__en_gb.js:13726:254) @ https://ssl.gstatic.com/colaboratory-static/common/5ee6fda50b18c6af943ce1ebad2fc212/external_binary_es6_l10n__en_gb.js:13725
[ 2580382ms] [WARNING] Ignoring benign restart error: CustomError: Runtime died at: 
 Error
    at https://ssl.gstatic.com/colaboratory-static/common/5ee6fda50b18c6af943ce1ebad2fc212/external_binary_es6_l10n__en_gb.js:13638:46
    at Generator.next (<anonymous>)
    at https://ssl.gstatic.com/colaboratory-static/common/5ee6fda50b18c6af943ce1ebad2fc212/external_binary_es6_l10n__en_gb.js:6:194
    at new Promise (<anonymous>)
    at kaa (https://ssl.gstatic.com/colaboratory-static/common/5ee6fda50b18c6af943ce1ebad2fc212/external_binary_es6_l10n__en_gb.js:6:87)
    at p (https://ssl.gstatic.com/colaboratory-static/common/5ee6fda50b18c6af943ce1ebad2fc212/external_binary_es6_l10n__en_gb.js:6:225)
    at Wnc (https://ssl.gstatic.com/colaboratory-static/common/5ee6fda50b18c6af943ce1ebad2fc212/external_binary_es6_l10n__en_gb.js:13638:26)
    at coc.execute (https://ssl.gstatic.com/colaboratory-static/common/5ee6fda50b18c6af943ce1ebad2fc212/external_binary_es6_l10n__en_gb.js:13652:268)
    at cAc.execute (https://ssl.gstatic.com/colaboratory-static/common/5ee6fda50b18c6af943ce1ebad2fc212/external_binary_es6_l10n__en_gb.js:13734:303)
    at spc (https://ssl.gstatic.com/colaboratory-static/common/5ee6fda50b18c6af943ce1ebad2fc212/external_binary_es6_l10n__en_gb.js:13726:254) @ https://ssl.gstatic.com/colaboratory-static/common/5ee6fda50b18c6af943ce1ebad2fc212/external_binary_es6_l10n__en_gb.js:13725
[ 2580382ms] [WARNING] Ignoring benign restart error: CustomError: Runtime died at: 
 Error
    at https://ssl.gstatic.com/colaboratory-static/common/5ee6fda50b18c6af943ce1ebad2fc212/external_binary_es6_l10n__en_gb.js:13638:46
    at Generator.next (<anonymous>)
    at https://ssl.gstatic.com/colaboratory-static/common/5ee6fda50b18c6af943ce1ebad2fc212/external_binary_es6_l10n__en_gb.js:6:194
    at new Promise (<anonymous>)
    at kaa (https://ssl.gstatic.com/colaboratory-static/common/5ee6fda50b18c6af943ce1ebad2fc212/external_binary_es6_l10n__en_gb.js:6:87)
    at p (https://ssl.gstatic.com/colaboratory-static/common/5ee6fda50b18c6af943ce1ebad2fc212/external_binary_es6_l10n__en_gb.js:6:225)
    at Wnc (https://ssl.gstatic.com/colaboratory-static/common/5ee6fda50b18c6af943ce1ebad2fc212/external_binary_es6_l10n__en_gb.js:13638:26)
    at coc.execute (https://ssl.gstatic.com/colaboratory-static/common/5ee6fda50b18c6af943ce1ebad2fc212/external_binary_es6_l10n__en_gb.js:13652:268)
    at cAc.execute (https://ssl.gstatic.com/colaboratory-static/common/5ee6fda50b18c6af943ce1ebad2fc212/external_binary_es6_l10n__en_gb.js:13734:303)
    at spc (https://ssl.gstatic.com/colaboratory-static/common/5ee6fda50b18c6af943ce1ebad2fc212/external_binary_es6_l10n__en_gb.js:13726:254) @ https://ssl.gstatic.com/colaboratory-static/common/5ee6fda50b18c6af943ce1ebad2fc212/external_binary_es6_l10n__en_gb.js:13725
[ 2580382ms] [WARNING] Ignoring benign restart error: CustomError: Runtime died at: 
 Error
    at https://ssl.gstatic.com/colaboratory-static/common/5ee6fda50b18c6af943ce1ebad2fc212/external_binary_es6_l10n__en_gb.js:13638:46
    at Generator.next (<anonymous>)
    at https://ssl.gstatic.com/colaboratory-static/common/5ee6fda50b18c6af943ce1ebad2fc212/external_binary_es6_l10n__en_gb.js:6:194
    at new Promise (<anonymous>)
    at kaa (https://ssl.gstatic.com/colaboratory-static/common/5ee6fda50b18c6af943ce1ebad2fc212/external_binary_es6_l10n__en_gb.js:6:87)
    at p (https://ssl.gstatic.com/colaboratory-static/common/5ee6fda50b18c6af943ce1ebad2fc212/external_binary_es6_l10n__en_gb.js:6:225)
    at Wnc (https://ssl.gstatic.com/colaboratory-static/common/5ee6fda50b18c6af943ce1ebad2fc212/external_binary_es6_l10n__en_gb.js:13638:26)
    at coc.execute (https://ssl.gstatic.com/colaboratory-static/common/5ee6fda50b18c6af943ce1ebad2fc212/external_binary_es6_l10n__en_gb.js:13652:268)
    at cAc.execute (https://ssl.gstatic.com/colaboratory-static/common/5ee6fda50b18c6af943ce1ebad2fc212/external_binary_es6_l10n__en_gb.js:13734:303)
    at spc (https://ssl.gstatic.com/colaboratory-static/common/5ee6fda50b18c6af943ce1ebad2fc212/external_binary_es6_l10n__en_gb.js:13726:254) @ https://ssl.gstatic.com/colaboratory-static/common/5ee6fda50b18c6af943ce1ebad2fc212/external_binary_es6_l10n__en_gb.js:13725
[ 2580382ms] [WARNING] Ignoring benign restart error: CustomError: Runtime died at: 
 Error
    at https://ssl.gstatic.com/colaboratory-static/common/5ee6fda50b18c6af943ce1ebad2fc212/external_binary_es6_l10n__en_gb.js:13638:46
    at Generator.next (<anonymous>)
    at https://ssl.gstatic.com/colaboratory-static/common/5ee6fda50b18c6af943ce1ebad2fc212/external_binary_es6_l10n__en_gb.js:6:194
    at new Promise (<anonymous>)
    at kaa (https://ssl.gstatic.com/colaboratory-static/common/5ee6fda50b18c6af943ce1ebad2fc212/external_binary_es6_l10n__en_gb.js:6:87)
    at p (https://ssl.gstatic.com/colaboratory-static/common/5ee6fda50b18c6af943ce1ebad2fc212/external_binary_es6_l10n__en_gb.js:6:225)
    at Wnc (https://ssl.gstatic.com/colaboratory-static/common/5ee6fda50b18c6af943ce1ebad2fc212/external_binary_es6_l10n__en_gb.js:13638:26)
    at coc.execute (https://ssl.gstatic.com/colaboratory-static/common/5ee6fda50b18c6af943ce1ebad2fc212/external_binary_es6_l10n__en_gb.js:13652:268)
    at cAc.execute (https://ssl.gstatic.com/colaboratory-static/common/5ee6fda50b18c6af943ce1ebad2fc212/external_binary_es6_l10n__en_gb.js:13734:303)
    at spc (https://ssl.gstatic.com/colaboratory-static/common/5ee6fda50b18c6af943ce1ebad2fc212/external_binary_es6_l10n__en_gb.js:13726:254) @ https://ssl.gstatic.com/colaboratory-static/common/5ee6fda50b18c6af943ce1ebad2fc212/external_binary_es6_l10n__en_gb.js:13725
[ 2580382ms] [WARNING] Ignoring benign restart error: CustomError: Runtime died at: 
 Error
    at https://ssl.gstatic.com/colaboratory-static/common/5ee6fda50b18c6af943ce1ebad2fc212/external_binary_es6_l10n__en_gb.js:13638:46
    at Generator.next (<anonymous>)
    at https://ssl.gstatic.com/colaboratory-static/common/5ee6fda50b18c6af943ce1ebad2fc212/external_binary_es6_l10n__en_gb.js:6:194
    at new Promise (<anonymous>)
    at kaa (https://ssl.gstatic.com/colaboratory-static/common/5ee6fda50b18c6af943ce1ebad2fc212/external_binary_es6_l10n__en_gb.js:6:87)
    at p (https://ssl.gstatic.com/colaboratory-static/common/5ee6fda50b18c6af943ce1ebad2fc212/external_binary_es6_l10n__en_gb.js:6:225)
    at Wnc (https://ssl.gstatic.com/colaboratory-static/common/5ee6fda50b18c6af943ce1ebad2fc212/external_binary_es6_l10n__en_gb.js:13638:26)
    at coc.execute (https://ssl.gstatic.com/colaboratory-static/common/5ee6fda50b18c6af943ce1ebad2fc212/external_binary_es6_l10n__en_gb.js:13652:268)
    at cAc.execute (https://ssl.gstatic.com/colaboratory-static/common/5ee6fda50b18c6af943ce1ebad2fc212/external_binary_es6_l10n__en_gb.js:13734:303)
    at spc (https://ssl.gstatic.com/colaboratory-static/common/5ee6fda50b18c6af943ce1ebad2fc212/external_binary_es6_l10n__en_gb.js:13726:254) @ https://ssl.gstatic.com/colaboratory-static/common/5ee6fda50b18c6af943ce1ebad2fc212/external_binary_es6_l10n__en_gb.js:13725
[ 2580382ms] [WARNING] Ignoring benign restart error: CustomError: Runtime died at: 
 Error
    at https://ssl.gstatic.com/colaboratory-static/common/5ee6fda50b18c6af943ce1ebad2fc212/external_binary_es6_l10n__en_gb.js:13638:46
    at Generator.next (<anonymous>)
    at https://ssl.gstatic.com/colaboratory-static/common/5ee6fda50b18c6af943ce1ebad2fc212/external_binary_es6_l10n__en_gb.js:6:194
    at new Promise (<anonymous>)
    at kaa (https://ssl.gstatic.com/colaboratory-static/common/5ee6fda50b18c6af943ce1ebad2fc212/external_binary_es6_l10n__en_gb.js:6:87)
    at p (https://ssl.gstatic.com/colaboratory-static/common/5ee6fda50b18c6af943ce1ebad2fc212/external_binary_es6_l10n__en_gb.js:6:225)
    at Wnc (https://ssl.gstatic.com/colaboratory-static/common/5ee6fda50b18c6af943ce1ebad2fc212/external_binary_es6_l10n__en_gb.js:13638:26)
    at coc.execute (https://ssl.gstatic.com/colaboratory-static/common/5ee6fda50b18c6af943ce1ebad2fc212/external_binary_es6_l10n__en_gb.js:13652:268)
    at cAc.execute (https://ssl.gstatic.com/colaboratory-static/common/5ee6fda50b18c6af943ce1ebad2fc212/external_binary_es6_l10n__en_gb.js:13734:303)
    at spc (https://ssl.gstatic.com/colaboratory-static/common/5ee6fda50b18c6af943ce1ebad2fc212/external_binary_es6_l10n__en_gb.js:13726:254) @ https://ssl.gstatic.com/colaboratory-static/common/5ee6fda50b18c6af943ce1ebad2fc212/external_binary_es6_l10n__en_gb.js:13725
[ 2580383ms] [WARNING] Ignoring benign restart error: CustomError: Runtime died at: 
 Error
    at https://ssl.gstatic.com/colaboratory-static/common/5ee6fda50b18c6af943ce1ebad2fc212/external_binary_es6_l10n__en_gb.js:13638:46
    at Generator.next (<anonymous>)
    at https://ssl.gstatic.com/colaboratory-static/common/5ee6fda50b18c6af943ce1ebad2fc212/external_binary_es6_l10n__en_gb.js:6:194
    at new Promise (<anonymous>)
    at kaa (https://ssl.gstatic.com/colaboratory-static/common/5ee6fda50b18c6af943ce1ebad2fc212/external_binary_es6_l10n__en_gb.js:6:87)
    at p (https://ssl.gstatic.com/colaboratory-static/common/5ee6fda50b18c6af943ce1ebad2fc212/external_binary_es6_l10n__en_gb.js:6:225)
    at Wnc (https://ssl.gstatic.com/colaboratory-static/common/5ee6fda50b18c6af943ce1ebad2fc212/external_binary_es6_l10n__en_gb.js:13638:26)
    at coc.execute (https://ssl.gstatic.com/colaboratory-static/common/5ee6fda50b18c6af943ce1ebad2fc212/external_binary_es6_l10n__en_gb.js:13652:268)
    at cAc.execute (https://ssl.gstatic.com/colaboratory-static/common/5ee6fda50b18c6af943ce1ebad2fc212/external_binary_es6_l10n__en_gb.js:13734:303)
    at spc (https://ssl.gstatic.com/colaboratory-static/common/5ee6fda50b18c6af943ce1ebad2fc212/external_binary_es6_l10n__en_gb.js:13726:254) @ https://ssl.gstatic.com/colaboratory-static/common/5ee6fda50b18c6af943ce1ebad2fc212/external_binary_es6_l10n__en_gb.js:13725
[ 2580383ms] [WARNING] Ignoring benign restart error: CustomError: Runtime died at: 
 Error
    at https://ssl.gstatic.com/colaboratory-static/common/5ee6fda50b18c6af943ce1ebad2fc212/external_binary_es6_l10n__en_gb.js:13638:46
    at Generator.next (<anonymous>)
    at https://ssl.gstatic.com/colaboratory-static/common/5ee6fda50b18c6af943ce1ebad2fc212/external_binary_es6_l10n__en_gb.js:6:194
    at new Promise (<anonymous>)
    at kaa (https://ssl.gstatic.com/colaboratory-static/common/5ee6fda50b18c6af943ce1ebad2fc212/external_binary_es6_l10n__en_gb.js:6:87)
    at p (https://ssl.gstatic.com/colaboratory-static/common/5ee6fda50b18c6af943ce1ebad2fc212/external_binary_es6_l10n__en_gb.js:6:225)
    at Wnc (https://ssl.gstatic.com/colaboratory-static/common/5ee6fda50b18c6af943ce1ebad2fc212/external_binary_es6_l10n__en_gb.js:13638:26)
    at coc.execute (https://ssl.gstatic.com/colaboratory-static/common/5ee6fda50b18c6af943ce1ebad2fc212/external_binary_es6_l10n__en_gb.js:13652:268)
    at cAc.execute (https://ssl.gstatic.com/colaboratory-static/common/5ee6fda50b18c6af943ce1ebad2fc212/external_binary_es6_l10n__en_gb.js:13734:303)
    at spc (https://ssl.gstatic.com/colaboratory-static/common/5ee6fda50b18c6af943ce1ebad2fc212/external_binary_es6_l10n__en_gb.js:13726:254) @ https://ssl.gstatic.com/colaboratory-static/common/5ee6fda50b18c6af943ce1ebad2fc212/external_binary_es6_l10n__en_gb.js:13725
[ 2580383ms] [WARNING] Ignoring benign restart error: CustomError: Runtime died at: 
 Error
    at https://ssl.gstatic.com/colaboratory-static/common/5ee6fda50b18c6af943ce1ebad2fc212/external_binary_es6_l10n__en_gb.js:13638:46
    at Generator.next (<anonymous>)
    at https://ssl.gstatic.com/colaboratory-static/common/5ee6fda50b18c6af943ce1ebad2fc212/external_binary_es6_l10n__en_gb.js:6:194
    at new Promise (<anonymous>)
    at kaa (https://ssl.gstatic.com/colaboratory-static/common/5ee6fda50b18c6af943ce1ebad2fc212/external_binary_es6_l10n__en_gb.js:6:87)
    at p (https://ssl.gstatic.com/colaboratory-static/common/5ee6fda50b18c6af943ce1ebad2fc212/external_binary_es6_l10n__en_gb.js:6:225)
    at Wnc (https://ssl.gstatic.com/colaboratory-static/common/5ee6fda50b18c6af943ce1ebad2fc212/external_binary_es6_l10n__en_gb.js:13638:26)
    at coc.execute (https://ssl.gstatic.com/colaboratory-static/common/5ee6fda50b18c6af943ce1ebad2fc212/external_binary_es6_l10n__en_gb.js:13652:268)
    at cAc.execute (https://ssl.gstatic.com/colaboratory-static/common/5ee6fda50b18c6af943ce1ebad2fc212/external_binary_es6_l10n__en_gb.js:13734:303)
    at spc (https://ssl.gstatic.com/colaboratory-static/common/5ee6fda50b18c6af943ce1ebad2fc212/external_binary_es6_l10n__en_gb.js:13726:254) @ https://ssl.gstatic.com/colaboratory-static/common/5ee6fda50b18c6af943ce1ebad2fc212/external_binary_es6_l10n__en_gb.js:13725
[ 2580383ms] [WARNING] Ignoring benign restart error: CustomError: Runtime died at: 
 Error
    at https://ssl.gstatic.com/colaboratory-static/common/5ee6fda50b18c6af943ce1ebad2fc212/external_binary_es6_l10n__en_gb.js:13638:46
    at Generator.next (<anonymous>)
    at https://ssl.gstatic.com/colaboratory-static/common/5ee6fda50b18c6af943ce1ebad2fc212/external_binary_es6_l10n__en_gb.js:6:194
    at new Promise (<anonymous>)
    at kaa (https://ssl.gstatic.com/colaboratory-static/common/5ee6fda50b18c6af943ce1ebad2fc212/external_binary_es6_l10n__en_gb.js:6:87)
    at p (https://ssl.gstatic.com/colaboratory-static/common/5ee6fda50b18c6af943ce1ebad2fc212/external_binary_es6_l10n__en_gb.js:6:225)
    at Wnc (https://ssl.gstatic.com/colaboratory-static/common/5ee6fda50b18c6af943ce1ebad2fc212/external_binary_es6_l10n__en_gb.js:13638:26)
    at coc.execute (https://ssl.gstatic.com/colaboratory-static/common/5ee6fda50b18c6af943ce1ebad2fc212/external_binary_es6_l10n__en_gb.js:13652:268)
    at cAc.execute (https://ssl.gstatic.com/colaboratory-static/common/5ee6fda50b18c6af943ce1ebad2fc212/external_binary_es6_l10n__en_gb.js:13734:303)
    at spc (https://ssl.gstatic.com/colaboratory-static/common/5ee6fda50b18c6af943ce1ebad2fc212/external_binary_es6_l10n__en_gb.js:13726:254) @ https://ssl.gstatic.com/colaboratory-static/common/5ee6fda50b18c6af943ce1ebad2fc212/external_binary_es6_l10n__en_gb.js:13725
[ 2580383ms] [WARNING] Ignoring benign restart error: CustomError: Runtime died at: 
 Error
    at https://ssl.gstatic.com/colaboratory-static/common/5ee6fda50b18c6af943ce1ebad2fc212/external_binary_es6_l10n__en_gb.js:13638:46
    at Generator.next (<anonymous>)
    at https://ssl.gstatic.com/colaboratory-static/common/5ee6fda50b18c6af943ce1ebad2fc212/external_binary_es6_l10n__en_gb.js:6:194
    at new Promise (<anonymous>)
    at kaa (https://ssl.gstatic.com/colaboratory-static/common/5ee6fda50b18c6af943ce1ebad2fc212/external_binary_es6_l10n__en_gb.js:6:87)
    at p (https://ssl.gstatic.com/colaboratory-static/common/5ee6fda50b18c6af943ce1ebad2fc212/external_binary_es6_l10n__en_gb.js:6:225)
    at Wnc (https://ssl.gstatic.com/colaboratory-static/common/5ee6fda50b18c6af943ce1ebad2fc212/external_binary_es6_l10n__en_gb.js:13638:26)
    at coc.execute (https://ssl.gstatic.com/colaboratory-static/common/5ee6fda50b18c6af943ce1ebad2fc212/external_binary_es6_l10n__en_gb.js:13652:268)
    at cAc.execute (https://ssl.gstatic.com/colaboratory-static/common/5ee6fda50b18c6af943ce1ebad2fc212/external_binary_es6_l10n__en_gb.js:13734:303)
    at spc (https://ssl.gstatic.com/colaboratory-static/common/5ee6fda50b18c6af943ce1ebad2fc212/external_binary_es6_l10n__en_gb.js:13726:254) @ https://ssl.gstatic.com/colaboratory-static/common/5ee6fda50b18c6af943ce1ebad2fc212/external_binary_es6_l10n__en_gb.js:13725
[ 2580383ms] [WARNING] Ignoring benign restart error: CustomError: Runtime died at: 
 Error
    at https://ssl.gstatic.com/colaboratory-static/common/5ee6fda50b18c6af943ce1ebad2fc212/external_binary_es6_l10n__en_gb.js:13638:46
    at Generator.next (<anonymous>)
    at https://ssl.gstatic.com/colaboratory-static/common/5ee6fda50b18c6af943ce1ebad2fc212/external_binary_es6_l10n__en_gb.js:6:194
    at new Promise (<anonymous>)
    at kaa (https://ssl.gstatic.com/colaboratory-static/common/5ee6fda50b18c6af943ce1ebad2fc212/external_binary_es6_l10n__en_gb.js:6:87)
    at p (https://ssl.gstatic.com/colaboratory-static/common/5ee6fda50b18c6af943ce1ebad2fc212/external_binary_es6_l10n__en_gb.js:6:225)
    at Wnc (https://ssl.gstatic.com/colaboratory-static/common/5ee6fda50b18c6af943ce1ebad2fc212/external_binary_es6_l10n__en_gb.js:13638:26)
    at coc.execute (https://ssl.gstatic.com/colaboratory-static/common/5ee6fda50b18c6af943ce1ebad2fc212/external_binary_es6_l10n__en_gb.js:13652:268)
    at cAc.execute (https://ssl.gstatic.com/colaboratory-static/common/5ee6fda50b18c6af943ce1ebad2fc212/external_binary_es6_l10n__en_gb.js:13734:303)
    at spc (https://ssl.gstatic.com/colaboratory-static/common/5ee6fda50b18c6af943ce1ebad2fc212/external_binary_es6_l10n__en_gb.js:13726:254) @ https://ssl.gstatic.com/colaboratory-static/common/5ee6fda50b18c6af943ce1ebad2fc212/external_binary_es6_l10n__en_gb.js:13725
[ 2580383ms] [WARNING] Ignoring benign restart error: CustomError: Runtime died at: 
 Error
    at https://ssl.gstatic.com/colaboratory-static/common/5ee6fda50b18c6af943ce1ebad2fc212/external_binary_es6_l10n__en_gb.js:13638:46
    at Generator.next (<anonymous>)
    at https://ssl.gstatic.com/colaboratory-static/common/5ee6fda50b18c6af943ce1ebad2fc212/external_binary_es6_l10n__en_gb.js:6:194
    at new Promise (<anonymous>)
    at kaa (https://ssl.gstatic.com/colaboratory-static/common/5ee6fda50b18c6af943ce1ebad2fc212/external_binary_es6_l10n__en_gb.js:6:87)
    at p (https://ssl.gstatic.com/colaboratory-static/common/5ee6fda50b18c6af943ce1ebad2fc212/external_binary_es6_l10n__en_gb.js:6:225)
    at Wnc (https://ssl.gstatic.com/colaboratory-static/common/5ee6fda50b18c6af943ce1ebad2fc212/external_binary_es6_l10n__en_gb.js:13638:26)
    at coc.execute (https://ssl.gstatic.com/colaboratory-static/common/5ee6fda50b18c6af943ce1ebad2fc212/external_binary_es6_l10n__en_gb.js:13652:268)
    at cAc.execute (https://ssl.gstatic.com/colaboratory-static/common/5ee6fda50b18c6af943ce1ebad2fc212/external_binary_es6_l10n__en_gb.js:13734:303)
    at spc (https://ssl.gstatic.com/colaboratory-static/common/5ee6fda50b18c6af943ce1ebad2fc212/external_binary_es6_l10n__en_gb.js:13726:254) @ https://ssl.gstatic.com/colaboratory-static/common/5ee6fda50b18c6af943ce1ebad2fc212/external_binary_es6_l10n__en_gb.js:13725
[ 2580383ms] [WARNING] Ignoring benign restart error: CustomError: Runtime died at: 
 Error
    at https://ssl.gstatic.com/colaboratory-static/common/5ee6fda50b18c6af943ce1ebad2fc212/external_binary_es6_l10n__en_gb.js:13638:46
    at Generator.next (<anonymous>)
    at https://ssl.gstatic.com/colaboratory-static/common/5ee6fda50b18c6af943ce1ebad2fc212/external_binary_es6_l10n__en_gb.js:6:194
    at new Promise (<anonymous>)
    at kaa (https://ssl.gstatic.com/colaboratory-static/common/5ee6fda50b18c6af943ce1ebad2fc212/external_binary_es6_l10n__en_gb.js:6:87)
    at p (https://ssl.gstatic.com/colaboratory-static/common/5ee6fda50b18c6af943ce1ebad2fc212/external_binary_es6_l10n__en_gb.js:6:225)
    at Wnc (https://ssl.gstatic.com/colaboratory-static/common/5ee6fda50b18c6af943ce1ebad2fc212/external_binary_es6_l10n__en_gb.js:13638:26)
    at coc.execute (https://ssl.gstatic.com/colaboratory-static/common/5ee6fda50b18c6af943ce1ebad2fc212/external_binary_es6_l10n__en_gb.js:13652:268)
    at cAc.execute (https://ssl.gstatic.com/colaboratory-static/common/5ee6fda50b18c6af943ce1ebad2fc212/external_binary_es6_l10n__en_gb.js:13734:303)
    at spc (https://ssl.gstatic.com/colaboratory-static/common/5ee6fda50b18c6af943ce1ebad2fc212/external_binary_es6_l10n__en_gb.js:13726:254) @ https://ssl.gstatic.com/colaboratory-static/common/5ee6fda50b18c6af943ce1ebad2fc212/external_binary_es6_l10n__en_gb.js:13725
[ 2580383ms] [WARNING] Ignoring benign restart error: CustomError: Runtime died at: 
 Error
    at https://ssl.gstatic.com/colaboratory-static/common/5ee6fda50b18c6af943ce1ebad2fc212/external_binary_es6_l10n__en_gb.js:13638:46
    at Generator.next (<anonymous>)
    at https://ssl.gstatic.com/colaboratory-static/common/5ee6fda50b18c6af943ce1ebad2fc212/external_binary_es6_l10n__en_gb.js:6:194
    at new Promise (<anonymous>)
    at kaa (https://ssl.gstatic.com/colaboratory-static/common/5ee6fda50b18c6af943ce1ebad2fc212/external_binary_es6_l10n__en_gb.js:6:87)
    at p (https://ssl.gstatic.com/colaboratory-static/common/5ee6fda50b18c6af943ce1ebad2fc212/external_binary_es6_l10n__en_gb.js:6:225)
    at Wnc (https://ssl.gstatic.com/colaboratory-static/common/5ee6fda50b18c6af943ce1ebad2fc212/external_binary_es6_l10n__en_gb.js:13638:26)
    at coc.execute (https://ssl.gstatic.com/colaboratory-static/common/5ee6fda50b18c6af943ce1ebad2fc212/external_binary_es6_l10n__en_gb.js:13652:268)
    at cAc.execute (https://ssl.gstatic.com/colaboratory-static/common/5ee6fda50b18c6af943ce1ebad2fc212/external_binary_es6_l10n__en_gb.js:13734:303)
    at spc (https://ssl.gstatic.com/colaboratory-static/common/5ee6fda50b18c6af943ce1ebad2fc212/external_binary_es6_l10n__en_gb.js:13726:254) @ https://ssl.gstatic.com/colaboratory-static/common/5ee6fda50b18c6af943ce1ebad2fc212/external_binary_es6_l10n__en_gb.js:13725
[ 2580383ms] [WARNING] Ignoring benign restart error: CustomError: Runtime died at: 
 Error
    at https://ssl.gstatic.com/colaboratory-static/common/5ee6fda50b18c6af943ce1ebad2fc212/external_binary_es6_l10n__en_gb.js:13638:46
    at Generator.next (<anonymous>)
    at https://ssl.gstatic.com/colaboratory-static/common/5ee6fda50b18c6af943ce1ebad2fc212/external_binary_es6_l10n__en_gb.js:6:194
    at new Promise (<anonymous>)
    at kaa (https://ssl.gstatic.com/colaboratory-static/common/5ee6fda50b18c6af943ce1ebad2fc212/external_binary_es6_l10n__en_gb.js:6:87)
    at p (https://ssl.gstatic.com/colaboratory-static/common/5ee6fda50b18c6af943ce1ebad2fc212/external_binary_es6_l10n__en_gb.js:6:225)
    at Wnc (https://ssl.gstatic.com/colaboratory-static/common/5ee6fda50b18c6af943ce1ebad2fc212/external_binary_es6_l10n__en_gb.js:13638:26)
    at coc.execute (https://ssl.gstatic.com/colaboratory-static/common/5ee6fda50b18c6af943ce1ebad2fc212/external_binary_es6_l10n__en_gb.js:13652:268)
    at cAc.execute (https://ssl.gstatic.com/colaboratory-static/common/5ee6fda50b18c6af943ce1ebad2fc212/external_binary_es6_l10n__en_gb.js:13734:303)
    at spc (https://ssl.gstatic.com/colaboratory-static/common/5ee6fda50b18c6af943ce1ebad2fc212/external_binary_es6_l10n__en_gb.js:13726:254) @ https://ssl.gstatic.com/colaboratory-static/common/5ee6fda50b18c6af943ce1ebad2fc212/external_binary_es6_l10n__en_gb.js:13725
[ 2580383ms] [WARNING] Ignoring benign restart error: CustomError: Runtime died at: 
 Error
    at https://ssl.gstatic.com/colaboratory-static/common/5ee6fda50b18c6af943ce1ebad2fc212/external_binary_es6_l10n__en_gb.js:13638:46
    at Generator.next (<anonymous>)
    at https://ssl.gstatic.com/colaboratory-static/common/5ee6fda50b18c6af943ce1ebad2fc212/external_binary_es6_l10n__en_gb.js:6:194
    at new Promise (<anonymous>)
    at kaa (https://ssl.gstatic.com/colaboratory-static/common/5ee6fda50b18c6af943ce1ebad2fc212/external_binary_es6_l10n__en_gb.js:6:87)
    at p (https://ssl.gstatic.com/colaboratory-static/common/5ee6fda50b18c6af943ce1ebad2fc212/external_binary_es6_l10n__en_gb.js:6:225)
    at Wnc (https://ssl.gstatic.com/colaboratory-static/common/5ee6fda50b18c6af943ce1ebad2fc212/external_binary_es6_l10n__en_gb.js:13638:26)
    at coc.execute (https://ssl.gstatic.com/colaboratory-static/common/5ee6fda50b18c6af943ce1ebad2fc212/external_binary_es6_l10n__en_gb.js:13652:268)
    at cAc.execute (https://ssl.gstatic.com/colaboratory-static/common/5ee6fda50b18c6af943ce1ebad2fc212/external_binary_es6_l10n__en_gb.js:13734:303)
    at spc (https://ssl.gstatic.com/colaboratory-static/common/5ee6fda50b18c6af943ce1ebad2fc212/external_binary_es6_l10n__en_gb.js:13726:254) @ https://ssl.gstatic.com/colaboratory-static/common/5ee6fda50b18c6af943ce1ebad2fc212/external_binary_es6_l10n__en_gb.js:13725
[ 2580383ms] [WARNING] Ignoring benign restart error: CustomError: Runtime died at: 
 Error
    at https://ssl.gstatic.com/colaboratory-static/common/5ee6fda50b18c6af943ce1ebad2fc212/external_binary_es6_l10n__en_gb.js:13638:46
    at Generator.next (<anonymous>)
    at https://ssl.gstatic.com/colaboratory-static/common/5ee6fda50b18c6af943ce1ebad2fc212/external_binary_es6_l10n__en_gb.js:6:194
    at new Promise (<anonymous>)
    at kaa (https://ssl.gstatic.com/colaboratory-static/common/5ee6fda50b18c6af943ce1ebad2fc212/external_binary_es6_l10n__en_gb.js:6:87)
    at p (https://ssl.gstatic.com/colaboratory-static/common/5ee6fda50b18c6af943ce1ebad2fc212/external_binary_es6_l10n__en_gb.js:6:225)
    at Wnc (https://ssl.gstatic.com/colaboratory-static/common/5ee6fda50b18c6af943ce1ebad2fc212/external_binary_es6_l10n__en_gb.js:13638:26)
    at coc.execute (https://ssl.gstatic.com/colaboratory-static/common/5ee6fda50b18c6af943ce1ebad2fc212/external_binary_es6_l10n__en_gb.js:13652:268)
    at cAc.execute (https://ssl.gstatic.com/colaboratory-static/common/5ee6fda50b18c6af943ce1ebad2fc212/external_binary_es6_l10n__en_gb.js:13734:303)
    at spc (https://ssl.gstatic.com/colaboratory-static/common/5ee6fda50b18c6af943ce1ebad2fc212/external_binary_es6_l10n__en_gb.js:13726:254) @ https://ssl.gstatic.com/colaboratory-static/common/5ee6fda50b18c6af943ce1ebad2fc212/external_binary_es6_l10n__en_gb.js:13725
[ 2580383ms] [WARNING] Ignoring benign restart error: CustomError: Runtime died at: 
 Error
    at https://ssl.gstatic.com/colaboratory-static/common/5ee6fda50b18c6af943ce1ebad2fc212/external_binary_es6_l10n__en_gb.js:13638:46
    at Generator.next (<anonymous>)
    at https://ssl.gstatic.com/colaboratory-static/common/5ee6fda50b18c6af943ce1ebad2fc212/external_binary_es6_l10n__en_gb.js:6:194
    at new Promise (<anonymous>)
    at kaa (https://ssl.gstatic.com/colaboratory-static/common/5ee6fda50b18c6af943ce1ebad2fc212/external_binary_es6_l10n__en_gb.js:6:87)
    at p (https://ssl.gstatic.com/colaboratory-static/common/5ee6fda50b18c6af943ce1ebad2fc212/external_binary_es6_l10n__en_gb.js:6:225)
    at Wnc (https://ssl.gstatic.com/colaboratory-static/common/5ee6fda50b18c6af943ce1ebad2fc212/external_binary_es6_l10n__en_gb.js:13638:26)
    at coc.execute (https://ssl.gstatic.com/colaboratory-static/common/5ee6fda50b18c6af943ce1ebad2fc212/external_binary_es6_l10n__en_gb.js:13652:268)
    at cAc.execute (https://ssl.gstatic.com/colaboratory-static/common/5ee6fda50b18c6af943ce1ebad2fc212/external_binary_es6_l10n__en_gb.js:13734:303)
    at spc (https://ssl.gstatic.com/colaboratory-static/common/5ee6fda50b18c6af943ce1ebad2fc212/external_binary_es6_l10n__en_gb.js:13726:254) @ https://ssl.gstatic.com/colaboratory-static/common/5ee6fda50b18c6af943ce1ebad2fc212/external_binary_es6_l10n__en_gb.js:13725
[ 2580383ms] [WARNING] Ignoring benign restart error: CustomError: Runtime died at: 
 Error
    at https://ssl.gstatic.com/colaboratory-static/common/5ee6fda50b18c6af943ce1ebad2fc212/external_binary_es6_l10n__en_gb.js:13638:46
    at Generator.next (<anonymous>)
    at https://ssl.gstatic.com/colaboratory-static/common/5ee6fda50b18c6af943ce1ebad2fc212/external_binary_es6_l10n__en_gb.js:6:194
    at new Promise (<anonymous>)
    at kaa (https://ssl.gstatic.com/colaboratory-static/common/5ee6fda50b18c6af943ce1ebad2fc212/external_binary_es6_l10n__en_gb.js:6:87)
    at p (https://ssl.gstatic.com/colaboratory-static/common/5ee6fda50b18c6af943ce1ebad2fc212/external_binary_es6_l10n__en_gb.js:6:225)
    at Wnc (https://ssl.gstatic.com/colaboratory-static/common/5ee6fda50b18c6af943ce1ebad2fc212/external_binary_es6_l10n__en_gb.js:13638:26)
    at coc.execute (https://ssl.gstatic.com/colaboratory-static/common/5ee6fda50b18c6af943ce1ebad2fc212/external_binary_es6_l10n__en_gb.js:13652:268)
    at cAc.execute (https://ssl.gstatic.com/colaboratory-static/common/5ee6fda50b18c6af943ce1ebad2fc212/external_binary_es6_l10n__en_gb.js:13734:303)
    at spc (https://ssl.gstatic.com/colaboratory-static/common/5ee6fda50b18c6af943ce1ebad2fc212/external_binary_es6_l10n__en_gb.js:13726:254) @ https://ssl.gstatic.com/colaboratory-static/common/5ee6fda50b18c6af943ce1ebad2fc212/external_binary_es6_l10n__en_gb.js:13725
[ 2580383ms] [WARNING] Ignoring benign restart error: CustomError: Runtime died at: 
 Error
    at https://ssl.gstatic.com/colaboratory-static/common/5ee6fda50b18c6af943ce1ebad2fc212/external_binary_es6_l10n__en_gb.js:13638:46
    at Generator.next (<anonymous>)
    at https://ssl.gstatic.com/colaboratory-static/common/5ee6fda50b18c6af943ce1ebad2fc212/external_binary_es6_l10n__en_gb.js:6:194
    at new Promise (<anonymous>)
    at kaa (https://ssl.gstatic.com/colaboratory-static/common/5ee6fda50b18c6af943ce1ebad2fc212/external_binary_es6_l10n__en_gb.js:6:87)
    at p (https://ssl.gstatic.com/colaboratory-static/common/5ee6fda50b18c6af943ce1ebad2fc212/external_binary_es6_l10n__en_gb.js:6:225)
    at Wnc (https://ssl.gstatic.com/colaboratory-static/common/5ee6fda50b18c6af943ce1ebad2fc212/external_binary_es6_l10n__en_gb.js:13638:26)
    at coc.execute (https://ssl.gstatic.com/colaboratory-static/common/5ee6fda50b18c6af943ce1ebad2fc212/external_binary_es6_l10n__en_gb.js:13652:268)
    at cAc.execute (https://ssl.gstatic.com/colaboratory-static/common/5ee6fda50b18c6af943ce1ebad2fc212/external_binary_es6_l10n__en_gb.js:13734:303)
    at spc (https://ssl.gstatic.com/colaboratory-static/common/5ee6fda50b18c6af943ce1ebad2fc212/external_binary_es6_l10n__en_gb.js:13726:254) @ https://ssl.gstatic.com/colaboratory-static/common/5ee6fda50b18c6af943ce1ebad2fc212/external_binary_es6_l10n__en_gb.js:13725
[ 2580383ms] [WARNING] Ignoring benign restart error: CustomError: Runtime died at: 
 Error
    at https://ssl.gstatic.com/colaboratory-static/common/5ee6fda50b18c6af943ce1ebad2fc212/external_binary_es6_l10n__en_gb.js:13638:46
    at Generator.next (<anonymous>)
    at https://ssl.gstatic.com/colaboratory-static/common/5ee6fda50b18c6af943ce1ebad2fc212/external_binary_es6_l10n__en_gb.js:6:194
    at new Promise (<anonymous>)
    at kaa (https://ssl.gstatic.com/colaboratory-static/common/5ee6fda50b18c6af943ce1ebad2fc212/external_binary_es6_l10n__en_gb.js:6:87)
    at p (https://ssl.gstatic.com/colaboratory-static/common/5ee6fda50b18c6af943ce1ebad2fc212/external_binary_es6_l10n__en_gb.js:6:225)
    at Wnc (https://ssl.gstatic.com/colaboratory-static/common/5ee6fda50b18c6af943ce1ebad2fc212/external_binary_es6_l10n__en_gb.js:13638:26)
    at coc.execute (https://ssl.gstatic.com/colaboratory-static/common/5ee6fda50b18c6af943ce1ebad2fc212/external_binary_es6_l10n__en_gb.js:13652:268)
    at cAc.execute (https://ssl.gstatic.com/colaboratory-static/common/5ee6fda50b18c6af943ce1ebad2fc212/external_binary_es6_l10n__en_gb.js:13734:303)
    at spc (https://ssl.gstatic.com/colaboratory-static/common/5ee6fda50b18c6af943ce1ebad2fc212/external_binary_es6_l10n__en_gb.js:13726:254) @ https://ssl.gstatic.com/colaboratory-static/common/5ee6fda50b18c6af943ce1ebad2fc212/external_binary_es6_l10n__en_gb.js:13725
[ 2580383ms] [WARNING] Ignoring benign restart error: CustomError: Runtime died at: 
 Error
    at https://ssl.gstatic.com/colaboratory-static/common/5ee6fda50b18c6af943ce1ebad2fc212/external_binary_es6_l10n__en_gb.js:13638:46
    at Generator.next (<anonymous>)
    at https://ssl.gstatic.com/colaboratory-static/common/5ee6fda50b18c6af943ce1ebad2fc212/external_binary_es6_l10n__en_gb.js:6:194
    at new Promise (<anonymous>)
    at kaa (https://ssl.gstatic.com/colaboratory-static/common/5ee6fda50b18c6af943ce1ebad2fc212/external_binary_es6_l10n__en_gb.js:6:87)
    at p (https://ssl.gstatic.com/colaboratory-static/common/5ee6fda50b18c6af943ce1ebad2fc212/external_binary_es6_l10n__en_gb.js:6:225)
    at Wnc (https://ssl.gstatic.com/colaboratory-static/common/5ee6fda50b18c6af943ce1ebad2fc212/external_binary_es6_l10n__en_gb.js:13638:26)
    at coc.execute (https://ssl.gstatic.com/colaboratory-static/common/5ee6fda50b18c6af943ce1ebad2fc212/external_binary_es6_l10n__en_gb.js:13652:268)
    at cAc.execute (https://ssl.gstatic.com/colaboratory-static/common/5ee6fda50b18c6af943ce1ebad2fc212/external_binary_es6_l10n__en_gb.js:13734:303)
    at spc (https://ssl.gstatic.com/colaboratory-static/common/5ee6fda50b18c6af943ce1ebad2fc212/external_binary_es6_l10n__en_gb.js:13726:254) @ https://ssl.gstatic.com/colaboratory-static/common/5ee6fda50b18c6af943ce1ebad2fc212/external_binary_es6_l10n__en_gb.js:13725
[ 2580383ms] [WARNING] Ignoring benign restart error: CustomError: Runtime died at: 
 Error
    at https://ssl.gstatic.com/colaboratory-static/common/5ee6fda50b18c6af943ce1ebad2fc212/external_binary_es6_l10n__en_gb.js:13638:46
    at Generator.next (<anonymous>)
    at https://ssl.gstatic.com/colaboratory-static/common/5ee6fda50b18c6af943ce1ebad2fc212/external_binary_es6_l10n__en_gb.js:6:194
    at new Promise (<anonymous>)
    at kaa (https://ssl.gstatic.com/colaboratory-static/common/5ee6fda50b18c6af943ce1ebad2fc212/external_binary_es6_l10n__en_gb.js:6:87)
    at p (https://ssl.gstatic.com/colaboratory-static/common/5ee6fda50b18c6af943ce1ebad2fc212/external_binary_es6_l10n__en_gb.js:6:225)
    at Wnc (https://ssl.gstatic.com/colaboratory-static/common/5ee6fda50b18c6af943ce1ebad2fc212/external_binary_es6_l10n__en_gb.js:13638:26)
    at coc.execute (https://ssl.gstatic.com/colaboratory-static/common/5ee6fda50b18c6af943ce1ebad2fc212/external_binary_es6_l10n__en_gb.js:13652:268)
    at cAc.execute (https://ssl.gstatic.com/colaboratory-static/common/5ee6fda50b18c6af943ce1ebad2fc212/external_binary_es6_l10n__en_gb.js:13734:303)
    at spc (https://ssl.gstatic.com/colaboratory-static/common/5ee6fda50b18c6af943ce1ebad2fc212/external_binary_es6_l10n__en_gb.js:13726:254) @ https://ssl.gstatic.com/colaboratory-static/common/5ee6fda50b18c6af943ce1ebad2fc212/external_binary_es6_l10n__en_gb.js:13725
[ 2580383ms] [WARNING] Ignoring benign restart error: CustomError: Runtime died at: 
 Error
    at https://ssl.gstatic.com/colaboratory-static/common/5ee6fda50b18c6af943ce1ebad2fc212/external_binary_es6_l10n__en_gb.js:13638:46
    at Generator.next (<anonymous>)
    at https://ssl.gstatic.com/colaboratory-static/common/5ee6fda50b18c6af943ce1ebad2fc212/external_binary_es6_l10n__en_gb.js:6:194
    at new Promise (<anonymous>)
    at kaa (https://ssl.gstatic.com/colaboratory-static/common/5ee6fda50b18c6af943ce1ebad2fc212/external_binary_es6_l10n__en_gb.js:6:87)
    at p (https://ssl.gstatic.com/colaboratory-static/common/5ee6fda50b18c6af943ce1ebad2fc212/external_binary_es6_l10n__en_gb.js:6:225)
    at Wnc (https://ssl.gstatic.com/colaboratory-static/common/5ee6fda50b18c6af943ce1ebad2fc212/external_binary_es6_l10n__en_gb.js:13638:26)
    at coc.execute (https://ssl.gstatic.com/colaboratory-static/common/5ee6fda50b18c6af943ce1ebad2fc212/external_binary_es6_l10n__en_gb.js:13652:268)
    at cAc.execute (https://ssl.gstatic.com/colaboratory-static/common/5ee6fda50b18c6af943ce1ebad2fc212/external_binary_es6_l10n__en_gb.js:13734:303)
    at spc (https://ssl.gstatic.com/colaboratory-static/common/5ee6fda50b18c6af943ce1ebad2fc212/external_binary_es6_l10n__en_gb.js:13726:254) @ https://ssl.gstatic.com/colaboratory-static/common/5ee6fda50b18c6af943ce1ebad2fc212/external_binary_es6_l10n__en_gb.js:13725
[ 2580383ms] [WARNING] Ignoring benign restart error: CustomError: Runtime died at: 
 Error
    at https://ssl.gstatic.com/colaboratory-static/common/5ee6fda50b18c6af943ce1ebad2fc212/external_binary_es6_l10n__en_gb.js:13638:46
    at Generator.next (<anonymous>)
    at https://ssl.gstatic.com/colaboratory-static/common/5ee6fda50b18c6af943ce1ebad2fc212/external_binary_es6_l10n__en_gb.js:6:194
    at new Promise (<anonymous>)
    at kaa (https://ssl.gstatic.com/colaboratory-static/common/5ee6fda50b18c6af943ce1ebad2fc212/external_binary_es6_l10n__en_gb.js:6:87)
    at p (https://ssl.gstatic.com/colaboratory-static/common/5ee6fda50b18c6af943ce1ebad2fc212/external_binary_es6_l10n__en_gb.js:6:225)
    at Wnc (https://ssl.gstatic.com/colaboratory-static/common/5ee6fda50b18c6af943ce1ebad2fc212/external_binary_es6_l10n__en_gb.js:13638:26)
    at coc.execute (https://ssl.gstatic.com/colaboratory-static/common/5ee6fda50b18c6af943ce1ebad2fc212/external_binary_es6_l10n__en_gb.js:13652:268)
    at cAc.execute (https://ssl.gstatic.com/colaboratory-static/common/5ee6fda50b18c6af943ce1ebad2fc212/external_binary_es6_l10n__en_gb.js:13734:303)
    at spc (https://ssl.gstatic.com/colaboratory-static/common/5ee6fda50b18c6af943ce1ebad2fc212/external_binary_es6_l10n__en_gb.js:13726:254) @ https://ssl.gstatic.com/colaboratory-static/common/5ee6fda50b18c6af943ce1ebad2fc212/external_binary_es6_l10n__en_gb.js:13725
[ 2580383ms] [WARNING] Ignoring benign restart error: CustomError: Runtime died at: 
 Error
    at https://ssl.gstatic.com/colaboratory-static/common/5ee6fda50b18c6af943ce1ebad2fc212/external_binary_es6_l10n__en_gb.js:13638:46
    at Generator.next (<anonymous>)
    at https://ssl.gstatic.com/colaboratory-static/common/5ee6fda50b18c6af943ce1ebad2fc212/external_binary_es6_l10n__en_gb.js:6:194
    at new Promise (<anonymous>)
    at kaa (https://ssl.gstatic.com/colaboratory-static/common/5ee6fda50b18c6af943ce1ebad2fc212/external_binary_es6_l10n__en_gb.js:6:87)
    at p (https://ssl.gstatic.com/colaboratory-static/common/5ee6fda50b18c6af943ce1ebad2fc212/external_binary_es6_l10n__en_gb.js:6:225)
    at Wnc (https://ssl.gstatic.com/colaboratory-static/common/5ee6fda50b18c6af943ce1ebad2fc212/external_binary_es6_l10n__en_gb.js:13638:26)
    at coc.execute (https://ssl.gstatic.com/colaboratory-static/common/5ee6fda50b18c6af943ce1ebad2fc212/external_binary_es6_l10n__en_gb.js:13652:268)
    at cAc.execute (https://ssl.gstatic.com/colaboratory-static/common/5ee6fda50b18c6af943ce1ebad2fc212/external_binary_es6_l10n__en_gb.js:13734:303)
    at spc (https://ssl.gstatic.com/colaboratory-static/common/5ee6fda50b18c6af943ce1ebad2fc212/external_binary_es6_l10n__en_gb.js:13726:254) @ https://ssl.gstatic.com/colaboratory-static/common/5ee6fda50b18c6af943ce1ebad2fc212/external_binary_es6_l10n__en_gb.js:13725
[ 2580396ms] [LOG] Connection to wss://8080-gpu-t4-s-kkb-usw4b2-16p2drcazd5eq-b.us-west4-2.prod.colab.dev/colab/lsp closed: {"code":1006,"reason":""} @ https://ssl.gstatic.com/colaboratory-static/common/5ee6fda50b18c6af943ce1ebad2fc212/external_binary_es6_l10n__en_gb.js:13765
[ 2580398ms] [ERROR] Analytics logging failed: XhrHttpError: Request Failed, status=0, url=/analytics?authuser=0 @ https://ssl.gstatic.com/colaboratory-static/common/5ee6fda50b18c6af943ce1ebad2fc212/external_binary_es6_l10n__en_gb.js:2783
[ 2580399ms] [ERROR] Failed to load resource: net::ERR_NETWORK_IO_SUSPENDED @ https://colab.research.google.com/analytics?authuser=0:0
[ 2580400ms] [ERROR] Failed to load resource: net::ERR_NETWORK_IO_SUSPENDED @ https://colab.research.google.com/tun/m/assign?authuser=0&variant=GPU&accelerator=T4&nbh=VrIjjBLL1QBWj55k6OXu6LNop_afd8CJ_NLe8ql5dPM.&nsa=1:0
[ 2580403ms] [ERROR] Analytics logging failed: XhrHttpError: Request Failed, status=0, url=/analytics?authuser=0 @ https://ssl.gstatic.com/colaboratory-static/common/5ee6fda50b18c6af943ce1ebad2fc212/external_binary_es6_l10n__en_gb.js:2783
[ 2580403ms] [ERROR] Failed to load resource: net::ERR_NETWORK_IO_SUSPENDED @ https://colab.research.google.com/analytics?authuser=0:0
[ 2580404ms] [ERROR] Failed to load resource: net::ERR_NETWORK_IO_SUSPENDED @ https://ssl.gstatic.com/colaboratory-static/common/5ee6fda50b18c6af943ce1ebad2fc212/img%2Ffavicon_error.ico:0
[ 7543489ms] [ERROR] Failed to load resource: net::ERR_NAME_NOT_RESOLVED @ https://colab.research.google.com/page-config:0
[ 7543492ms] [ERROR] Failed to load resource: net::ERR_NAME_NOT_RESOLVED @ https://colab.clients6.google.com/$rpc/google.internal.colab.v1.RuntimeService/GetRuntimeProxyToken:0
[ 7543503ms] [ERROR] Failed to load resource: net::ERR_NAME_NOT_RESOLVED @ https://colab.research.google.com/tun/m/assign?authuser=0&variant=GPU&accelerator=T4&nbh=VrIjjBLL1QBWj55k6OXu6LNop_afd8CJ_NLe8ql5dPM.&nsa=1:0
[ 7543506ms] [ERROR] Failed to load resource: net::ERR_NAME_NOT_RESOLVED @ https://colab.clients6.google.com/$rpc/google.internal.colab.v1.RuntimeService/PollRecaptcha:0
[ 7543506ms] [ERROR] Failed to load resource: net::ERR_NAME_NOT_RESOLVED @ https://colab.clients6.google.com/$rpc/google.internal.colab.v1.UserInfoService/GetUserInfo:0
[ 7543525ms] [ERROR] Analytics logging failed: XhrHttpError: Request Failed, status=0, url=/analytics?authuser=0 @ https://ssl.gstatic.com/colaboratory-static/common/5ee6fda50b18c6af943ce1ebad2fc212/external_binary_es6_l10n__en_gb.js:2783
[ 7543525ms] [ERROR] Failed to load resource: net::ERR_NAME_NOT_RESOLVED @ https://colab.research.google.com/analytics?authuser=0:0
[ 7543526ms] Uncaught (in promise) RpcError: Rpc failed due to xhr error. uri: https://colab.clients6.google.com/$rpc/google.internal.colab.v1.UserInfoService/GetUserInfo, error code: 6, error:  [0]
    at <anonymous> (https://ssl.gstatic.com/colaboratory-static/common/5ee6fda50b18c6af943ce1ebad2fc212/external_binary_es6_l10n__en_gb.js:402:3)
    at <anonymous> (https://ssl.gstatic.com/colaboratory-static/common/5ee6fda50b18c6af943ce1ebad2fc212/external_binary_es6_l10n__en_gb.js:375:264)
    at <anonymous> (https://ssl.gstatic.com/colaboratory-static/common/5ee6fda50b18c6af943ce1ebad2fc212/external_binary_es6_l10n__en_gb.js:372:500)
    at soa (https://ssl.gstatic.com/colaboratory-static/common/5ee6fda50b18c6af943ce1ebad2fc212/external_binary_es6_l10n__en_gb.js:390:61)
    at toa (https://ssl.gstatic.com/colaboratory-static/common/5ee6fda50b18c6af943ce1ebad2fc212/external_binary_es6_l10n__en_gb.js:392:350)
    at <anonymous> (https://ssl.gstatic.com/colaboratory-static/common/5ee6fda50b18c6af943ce1ebad2fc212/external_binary_es6_l10n__en_gb.js:391:196)
    at <anonymous> (https://ssl.gstatic.com/colaboratory-static/common/5ee6fda50b18c6af943ce1ebad2fc212/external_binary_es6_l10n__en_gb.js:391:120)
[ 7543566ms] [ERROR] Failed to load resource: net::ERR_NAME_NOT_RESOLVED @ https://colab.clients6.google.com/$rpc/google.internal.colab.v1.RuntimeService/GetRuntimeProxyToken:0
[ 7543614ms] [ERROR] Failed to load resource: net::ERR_NAME_NOT_RESOLVED @ https://colab.clients6.google.com/$rpc/google.internal.colab.v1.RuntimeService/PollRecaptcha:0
[ 7543617ms] [ERROR] Analytics logging failed: XhrHttpError: Request Failed, status=0, url=/analytics?authuser=0 @ https://ssl.gstatic.com/colaboratory-static/common/5ee6fda50b18c6af943ce1ebad2fc212/external_binary_es6_l10n__en_gb.js:2783
[ 7543617ms] [ERROR] Failed to load resource: net::ERR_NAME_NOT_RESOLVED @ https://colab.research.google.com/analytics?authuser=0:0
[ 7543677ms] [ERROR] Failed to load resource: net::ERR_NAME_NOT_RESOLVED @ https://colab.clients6.google.com/$rpc/google.internal.colab.v1.RuntimeService/GetRuntimeProxyToken:0
[ 7543726ms] [ERROR] Failed to load resource: net::ERR_NAME_NOT_RESOLVED @ https://colab.clients6.google.com/$rpc/google.internal.colab.v1.RuntimeService/GetRuntimeProxyToken:0
[ 7543869ms] [ERROR] Failed to load resource: net::ERR_NAME_NOT_RESOLVED @ https://accounts.google.com/RotateCookies:0
[ 7543953ms] [ERROR] Failed to load resource: net::ERR_NAME_NOT_RESOLVED @ https://colab.clients6.google.com/$rpc/google.internal.colab.v1.RuntimeService/GetRuntimeProxyToken:0
[ 7544061ms] [ERROR] Failed to load resource: net::ERR_NAME_NOT_RESOLVED @ https://colab.clients6.google.com/$rpc/google.internal.colab.v1.RuntimeService/GetRuntimeProxyToken:0
[ 7544444ms] [ERROR] Failed to load resource: net::ERR_NAME_NOT_RESOLVED @ https://colab.clients6.google.com/$rpc/google.internal.colab.v1.RuntimeService/GetRuntimeProxyToken:0
[ 7544537ms] [ERROR] Failed to load resource: net::ERR_NAME_NOT_RESOLVED @ https://colab.clients6.google.com/$rpc/google.internal.colab.v1.RuntimeService/GetRuntimeProxyToken:0
[ 7544586ms] [ERROR] Failed to load resource: net::ERR_NAME_NOT_RESOLVED @ https://colab.research.google.com/tun/m/assign?authuser=0&variant=GPU&accelerator=T4&nbh=VrIjjBLL1QBWj55k6OXu6LNop_afd8CJ_NLe8ql5dPM.&nsa=1:0
[ 7545363ms] [ERROR] Failed to load resource: net::ERR_NAME_NOT_RESOLVED @ https://colab.clients6.google.com/$rpc/google.internal.colab.v1.RuntimeService/GetRuntimeProxyToken:0
[ 7545425ms] [ERROR] Failed to load resource: net::ERR_NAME_NOT_RESOLVED @ https://colab.clients6.google.com/$rpc/google.internal.colab.v1.RuntimeService/GetRuntimeProxyToken:0
[ 7552009ms] [ERROR] Failed to load resource: the server responded with a status of 404 () @ https://colab.clients6.google.com/$rpc/google.internal.colab.v1.RuntimeService/GetRuntimeProxyToken:0
[ 7600983ms] [LOG] Connecting to wss://8080-gpu-t4-s-kkb-ass1c2-24acflh1keac8-c.asia-southeast1-2.prod.colab.dev/api/kernels/38d67649-b02d-4adf-be65-43b490ffae42/channels?session_id=757e4a28-4403-4f65-a601-3cd6917d2d0e @ https://ssl.gstatic.com/colaboratory-static/common/5ee6fda50b18c6af943ce1ebad2fc212/external_binary_es6_l10n__en_gb.js:13764
[ 7601306ms] [LOG] Connected to wss://8080-gpu-t4-s-kkb-ass1c2-24acflh1keac8-c.asia-southeast1-2.prod.colab.dev/api/kernels/38d67649-b02d-4adf-be65-43b490ffae42/channels?session_id=757e4a28-4403-4f65-a601-3cd6917d2d0e @ https://ssl.gstatic.com/colaboratory-static/common/5ee6fda50b18c6af943ce1ebad2fc212/external_binary_es6_l10n__en_gb.js:13765
[ 7602485ms] [LOG] Connecting to wss://8080-gpu-t4-s-kkb-ass1c2-24acflh1keac8-c.asia-southeast1-2.prod.colab.dev/colab/lsp @ https://ssl.gstatic.com/colaboratory-static/common/5ee6fda50b18c6af943ce1ebad2fc212/external_binary_es6_l10n__en_gb.js:13764
[ 7602817ms] [LOG] Connected to wss://8080-gpu-t4-s-kkb-ass1c2-24acflh1keac8-c.asia-southeast1-2.prod.colab.dev/colab/lsp @ https://ssl.gstatic.com/colaboratory-static/common/5ee6fda50b18c6af943ce1ebad2fc212/external_binary_es6_l10n__en_gb.js:13765
[ 7603367ms] [LOG] LSP: Pyright language server 1.1.407 starting @ https://ssl.gstatic.com/colaboratory-static/common/5ee6fda50b18c6af943ce1ebad2fc212/external_binary_es6_l10n__en_gb.js:13689
[ 7603369ms] [LOG] LSP: Server root directory: file:///datalab/web/pyright @ https://ssl.gstatic.com/colaboratory-static/common/5ee6fda50b18c6af943ce1ebad2fc212/external_binary_es6_l10n__en_gb.js:13689
[ 7603513ms] [LOG] LSP: Starting service instance "<default>" @ https://ssl.gstatic.com/colaboratory-static/common/5ee6fda50b18c6af943ce1ebad2fc212/external_binary_es6_l10n__en_gb.js:13689
[ 7603723ms] [LOG] LSP: BG: Background analysis(1) root directory: file:///datalab/web/pyright @ https://ssl.gstatic.com/colaboratory-static/common/5ee6fda50b18c6af943ce1ebad2fc212/external_binary_es6_l10n__en_gb.js:13689
[ 7603725ms] [LOG] LSP: BG: Background analysis(1) started @ https://ssl.gstatic.com/colaboratory-static/common/5ee6fda50b18c6af943ce1ebad2fc212/external_binary_es6_l10n__en_gb.js:13689
[ 7603758ms] [LOG] LSP: Un-registering request handler for 6b206b9a-3bda-4bf9-96b2-0616202ff401 failed. @ https://ssl.gstatic.com/colaboratory-static/common/5ee6fda50b18c6af943ce1ebad2fc212/external_binary_es6_l10n__en_gb.js:13689
[ 7604253ms] [LOG] LSP: File or directory "/<default workspace root>" does not exist. @ https://ssl.gstatic.com/colaboratory-static/common/5ee6fda50b18c6af943ce1ebad2fc212/external_binary_es6_l10n__en_gb.js:13689
[ 7607761ms] [LOG] Connecting to wss://8080-gpu-t4-s-kkb-ass1c2-24acflh1keac8-c.asia-southeast1-2.prod.colab.dev/colab/lsp @ https://ssl.gstatic.com/colaboratory-static/common/5ee6fda50b18c6af943ce1ebad2fc212/external_binary_es6_l10n__en_gb.js:13764
[ 7608051ms] [LOG] Connected to wss://8080-gpu-t4-s-kkb-ass1c2-24acflh1keac8-c.asia-southeast1-2.prod.colab.dev/colab/lsp @ https://ssl.gstatic.com/colaboratory-static/common/5ee6fda50b18c6af943ce1ebad2fc212/external_binary_es6_l10n__en_gb.js:13765
[ 7608427ms] [LOG] LSP: Pyright language server 1.1.407 starting @ https://ssl.gstatic.com/colaboratory-static/common/5ee6fda50b18c6af943ce1ebad2fc212/external_binary_es6_l10n__en_gb.js:13689
[ 7608427ms] [LOG] LSP: Server root directory: file:///datalab/web/pyright @ https://ssl.gstatic.com/colaboratory-static/common/5ee6fda50b18c6af943ce1ebad2fc212/external_binary_es6_l10n__en_gb.js:13689
[ 7608562ms] [LOG] LSP: Starting service instance "<default>" @ https://ssl.gstatic.com/colaboratory-static/common/5ee6fda50b18c6af943ce1ebad2fc212/external_binary_es6_l10n__en_gb.js:13689
[ 7608767ms] [LOG] LSP: Un-registering request handler for 526fe56b-0dd3-44dd-b925-8bc2f4755980 failed. @ https://ssl.gstatic.com/colaboratory-static/common/5ee6fda50b18c6af943ce1ebad2fc212/external_binary_es6_l10n__en_gb.js:13689
[ 7609527ms] [LOG] LSP: File or directory "/<default workspace root>" does not exist. @ https://ssl.gstatic.com/colaboratory-static/common/5ee6fda50b18c6af943ce1ebad2fc212/external_binary_es6_l10n__en_gb.js:13689
[ 7620086ms] [VERBOSE] [DOM] Password field is not contained in a form: (More info: https://goo.gl/9p2vKq) %o @ https://colab.research.google.com/github/Darkkid32/videoai/blob/master/Colab.ipynb?pli=1#scrollTo=PaXzzp-T0xRC:0
[ 7684332ms] [LOG] Connecting to wss://8080-gpu-t4-s-kkb-ass1c2-24acflh1keac8-c.asia-southeast1-2.prod.colab.dev/colab/lsp @ https://ssl.gstatic.com/colaboratory-static/common/5ee6fda50b18c6af943ce1ebad2fc212/external_binary_es6_l10n__en_gb.js:13764
[ 7685667ms] [LOG] Connected to wss://8080-gpu-t4-s-kkb-ass1c2-24acflh1keac8-c.asia-southeast1-2.prod.colab.dev/colab/lsp @ https://ssl.gstatic.com/colaboratory-static/common/5ee6fda50b18c6af943ce1ebad2fc212/external_binary_es6_l10n__en_gb.js:13765
[ 7685668ms] [LOG] LSP: Pyright language server 1.1.407 starting @ https://ssl.gstatic.com/colaboratory-static/common/5ee6fda50b18c6af943ce1ebad2fc212/external_binary_es6_l10n__en_gb.js:13689
[ 7685668ms] [LOG] LSP: Server root directory: file:///datalab/web/pyright @ https://ssl.gstatic.com/colaboratory-static/common/5ee6fda50b18c6af943ce1ebad2fc212/external_binary_es6_l10n__en_gb.js:13689
[ 7685941ms] [LOG] LSP: Starting service instance "<default>" @ https://ssl.gstatic.com/colaboratory-static/common/5ee6fda50b18c6af943ce1ebad2fc212/external_binary_es6_l10n__en_gb.js:13689
[ 7686161ms] [LOG] LSP: Un-registering request handler for b20d401c-e36b-4558-a248-045b0cad8221 failed. @ https://ssl.gstatic.com/colaboratory-static/common/5ee6fda50b18c6af943ce1ebad2fc212/external_binary_es6_l10n__en_gb.js:13689
[ 7686965ms] [LOG] LSP: File or directory "/<default workspace root>" does not exist. @ https://ssl.gstatic.com/colaboratory-static/common/5ee6fda50b18c6af943ce1ebad2fc212/external_binary_es6_l10n__en_gb.js:13689
[ 7740615ms] [VERBOSE] [DOM] Password field is not contained in a form: (More info: https://goo.gl/9p2vKq) %o @ https://colab.research.google.com/github/Darkkid32/videoai/blob/master/Colab.ipynb?pli=1#scrollTo=PaXzzp-T0xRC:0
